Archive member included to satisfy reference by file (symbol)

/home/tantatorn/.eclipse/com.st.stm32cube.ide.mcu.rcp.product_1.3.0_1935175002_linux_gtk_x86_64/plugins/com.st.stm32cube.ide.mcu.externaltools.gnu-tools-for-stm32.7-2018-q2-update.linux64_1.4.0.202007081208/tools/bin/../lib/gcc/arm-none-eabi/7.3.1/../../../../arm-none-eabi/lib/thumb/v7e-m/fpv5/hard/libc_nano.a(lib_a-errno.o)
                              Core/Src/syscalls.o (__errno)
/home/tantatorn/.eclipse/com.st.stm32cube.ide.mcu.rcp.product_1.3.0_1935175002_linux_gtk_x86_64/plugins/com.st.stm32cube.ide.mcu.externaltools.gnu-tools-for-stm32.7-2018-q2-update.linux64_1.4.0.202007081208/tools/bin/../lib/gcc/arm-none-eabi/7.3.1/../../../../arm-none-eabi/lib/thumb/v7e-m/fpv5/hard/libc_nano.a(lib_a-exit.o)
                              /home/tantatorn/.eclipse/com.st.stm32cube.ide.mcu.rcp.product_1.3.0_1935175002_linux_gtk_x86_64/plugins/com.st.stm32cube.ide.mcu.externaltools.gnu-tools-for-stm32.7-2018-q2-update.linux64_1.4.0.202007081208/tools/bin/../lib/gcc/arm-none-eabi/7.3.1/../../../../arm-none-eabi/lib/thumb/v7e-m/fpv5/hard/crt0.o (exit)
/home/tantatorn/.eclipse/com.st.stm32cube.ide.mcu.rcp.product_1.3.0_1935175002_linux_gtk_x86_64/plugins/com.st.stm32cube.ide.mcu.externaltools.gnu-tools-for-stm32.7-2018-q2-update.linux64_1.4.0.202007081208/tools/bin/../lib/gcc/arm-none-eabi/7.3.1/../../../../arm-none-eabi/lib/thumb/v7e-m/fpv5/hard/libc_nano.a(lib_a-impure.o)
                              /home/tantatorn/.eclipse/com.st.stm32cube.ide.mcu.rcp.product_1.3.0_1935175002_linux_gtk_x86_64/plugins/com.st.stm32cube.ide.mcu.externaltools.gnu-tools-for-stm32.7-2018-q2-update.linux64_1.4.0.202007081208/tools/bin/../lib/gcc/arm-none-eabi/7.3.1/../../../../arm-none-eabi/lib/thumb/v7e-m/fpv5/hard/libc_nano.a(lib_a-exit.o) (_global_impure_ptr)
/home/tantatorn/.eclipse/com.st.stm32cube.ide.mcu.rcp.product_1.3.0_1935175002_linux_gtk_x86_64/plugins/com.st.stm32cube.ide.mcu.externaltools.gnu-tools-for-stm32.7-2018-q2-update.linux64_1.4.0.202007081208/tools/bin/../lib/gcc/arm-none-eabi/7.3.1/../../../../arm-none-eabi/lib/thumb/v7e-m/fpv5/hard/libc_nano.a(lib_a-init.o)
                              /home/tantatorn/.eclipse/com.st.stm32cube.ide.mcu.rcp.product_1.3.0_1935175002_linux_gtk_x86_64/plugins/com.st.stm32cube.ide.mcu.externaltools.gnu-tools-for-stm32.7-2018-q2-update.linux64_1.4.0.202007081208/tools/bin/../lib/gcc/arm-none-eabi/7.3.1/../../../../arm-none-eabi/lib/thumb/v7e-m/fpv5/hard/crt0.o (__libc_init_array)
/home/tantatorn/.eclipse/com.st.stm32cube.ide.mcu.rcp.product_1.3.0_1935175002_linux_gtk_x86_64/plugins/com.st.stm32cube.ide.mcu.externaltools.gnu-tools-for-stm32.7-2018-q2-update.linux64_1.4.0.202007081208/tools/bin/../lib/gcc/arm-none-eabi/7.3.1/../../../../arm-none-eabi/lib/thumb/v7e-m/fpv5/hard/libc_nano.a(lib_a-memset.o)
                              /home/tantatorn/.eclipse/com.st.stm32cube.ide.mcu.rcp.product_1.3.0_1935175002_linux_gtk_x86_64/plugins/com.st.stm32cube.ide.mcu.externaltools.gnu-tools-for-stm32.7-2018-q2-update.linux64_1.4.0.202007081208/tools/bin/../lib/gcc/arm-none-eabi/7.3.1/../../../../arm-none-eabi/lib/thumb/v7e-m/fpv5/hard/crt0.o (memset)
/home/tantatorn/.eclipse/com.st.stm32cube.ide.mcu.rcp.product_1.3.0_1935175002_linux_gtk_x86_64/plugins/com.st.stm32cube.ide.mcu.externaltools.gnu-tools-for-stm32.7-2018-q2-update.linux64_1.4.0.202007081208/tools/bin/../lib/gcc/arm-none-eabi/7.3.1/../../../../arm-none-eabi/lib/thumb/v7e-m/fpv5/hard/libc_nano.a(lib_a-nano-vfprintf_float.o)
                              (_printf_float)
/home/tantatorn/.eclipse/com.st.stm32cube.ide.mcu.rcp.product_1.3.0_1935175002_linux_gtk_x86_64/plugins/com.st.stm32cube.ide.mcu.externaltools.gnu-tools-for-stm32.7-2018-q2-update.linux64_1.4.0.202007081208/tools/bin/../lib/gcc/arm-none-eabi/7.3.1/../../../../arm-none-eabi/lib/thumb/v7e-m/fpv5/hard/libc_nano.a(lib_a-nano-vfprintf_i.o)
                              /home/tantatorn/.eclipse/com.st.stm32cube.ide.mcu.rcp.product_1.3.0_1935175002_linux_gtk_x86_64/plugins/com.st.stm32cube.ide.mcu.externaltools.gnu-tools-for-stm32.7-2018-q2-update.linux64_1.4.0.202007081208/tools/bin/../lib/gcc/arm-none-eabi/7.3.1/../../../../arm-none-eabi/lib/thumb/v7e-m/fpv5/hard/libc_nano.a(lib_a-nano-vfprintf_float.o) (_printf_common)
/home/tantatorn/.eclipse/com.st.stm32cube.ide.mcu.rcp.product_1.3.0_1935175002_linux_gtk_x86_64/plugins/com.st.stm32cube.ide.mcu.externaltools.gnu-tools-for-stm32.7-2018-q2-update.linux64_1.4.0.202007081208/tools/bin/../lib/gcc/arm-none-eabi/7.3.1/../../../../arm-none-eabi/lib/thumb/v7e-m/fpv5/hard/libc_nano.a(lib_a-nano-vfscanf_float.o)
                              (_scanf_float)
[...]
Memory Configuration

Name             Origin             Length             Attributes
RAM              0x0000000020000000 0x0000000000080000 xrw
FLASH            0x0000000008000000 0x0000000000200000 xr
*default*        0x0000000000000000 0xffffffffffffffff

Linker script and memory map

LOAD /home/tantatorn/.eclipse/com.st.stm32cube.ide.mcu.rcp.product_1.3.0_1935175002_linux_gtk_x86_64/plugins/com.st.stm32cube.ide.mcu.externaltools.gnu-tools-for-stm32.7-2018-q2-update.linux64_1.4.0.202007081208/tools/bin/../lib/gcc/arm-none-eabi/7.3.1/thumb/v7e-m/fpv5/hard/crti.o
LOAD /home/tantatorn/.eclipse/com.st.stm32cube.ide.mcu.rcp.product_1.3.0_1935175002_linux_gtk_x86_64/plugins/com.st.stm32cube.ide.mcu.externaltools.gnu-tools-for-stm32.7-2018-q2-update.linux64_1.4.0.202007081208/tools/bin/../lib/gcc/arm-none-eabi/7.3.1/thumb/v7e-m/fpv5/hard/crtbegin.o
LOAD /home/tantatorn/.eclipse/com.st.stm32cube.ide.mcu.rcp.product_1.3.0_1935175002_linux_gtk_x86_64/plugins/com.st.stm32cube.ide.mcu.externaltools.gnu-tools-for-stm32.7-2018-q2-update.linux64_1.4.0.202007081208/tools/bin/../lib/gcc/arm-none-eabi/7.3.1/../../../../arm-none-eabi/lib/thumb/v7e-m/fpv5/hard/crt0.o
LOAD Core/Src/gpio.o
LOAD Core/Src/gui.o
LOAD Core/Src/main.o
LOAD Core/Src/rng.o
LOAD Core/Src/spi.o
LOAD Core/Src/stm32f7xx_hal_msp.o
LOAD Core/Src/stm32f7xx_it.o
LOAD Core/Src/syscalls.o
LOAD Core/Src/sysmem.o
LOAD Core/Src/system_stm32f7xx.o
LOAD Core/Src/tim.o
LOAD Core/Src/usart.o
LOAD Core/Startup/startup_stm32f767zitx.o
LOAD Drivers/STM32F7xx_HAL_Driver/Src/stm32f7xx_hal.o
LOAD Drivers/STM32F7xx_HAL_Driver/Src/stm32f7xx_hal_cortex.o
LOAD Drivers/STM32F7xx_HAL_Driver/Src/stm32f7xx_hal_dma.o
LOAD Drivers/STM32F7xx_HAL_Driver/Src/stm32f7xx_hal_dma_ex.o
LOAD Drivers/STM32F7xx_HAL_Driver/Src/stm32f7xx_hal_exti.o
LOAD Drivers/STM32F7xx_HAL_Driver/Src/stm32f7xx_hal_flash.o
LOAD Drivers/STM32F7xx_HAL_Driver/Src/stm32f7xx_hal_flash_ex.o
LOAD Drivers/STM32F7xx_HAL_Driver/Src/stm32f7xx_hal_gpio.o
LOAD Drivers/STM32F7xx_HAL_Driver/Src/stm32f7xx_hal_i2c.o
LOAD Drivers/STM32F7xx_HAL_Driver/Src/stm32f7xx_hal_i2c_ex.o
LOAD Drivers/STM32F7xx_HAL_Driver/Src/stm32f7xx_hal_pwr.o
LOAD Drivers/STM32F7xx_HAL_Driver/Src/stm32f7xx_hal_pwr_ex.o
LOAD Drivers/STM32F7xx_HAL_Driver/Src/stm32f7xx_hal_rcc.o
LOAD Drivers/STM32F7xx_HAL_Driver/Src/stm32f7xx_hal_rcc_ex.o
LOAD Drivers/STM32F7xx_HAL_Driver/Src/stm32f7xx_hal_rng.o
LOAD Drivers/STM32F7xx_HAL_Driver/Src/stm32f7xx_hal_spi.o
LOAD Drivers/STM32F7xx_HAL_Driver/Src/stm32f7xx_hal_spi_ex.o
LOAD Drivers/STM32F7xx_HAL_Driver/Src/stm32f7xx_hal_tim.o
LOAD Drivers/STM32F7xx_HAL_Driver/Src/stm32f7xx_hal_tim_ex.o
LOAD Drivers/STM32F7xx_HAL_Driver/Src/stm32f7xx_hal_uart.o
LOAD Drivers/STM32F7xx_HAL_Driver/Src/stm32f7xx_hal_uart_ex.o
LOAD ILI9341/ILI9341_GFX.o
LOAD ILI9341/ILI9341_STM32_Driver.o
LOAD ILI9341/ILI9341_Touchscreen.o
START GROUP
LOAD /home/tantatorn/.eclipse/com.st.stm32cube.ide.mcu.rcp.product_1.3.0_1935175002_linux_gtk_x86_64/plugins/com.st.stm32cube.ide.mcu.externaltools.gnu-tools-for-stm32.7-2018-q2-update.linux64_1.4.0.202007081208/tools/bin/../lib/gcc/arm-none-eabi/7.3.1/../../../../arm-none-eabi/lib/thumb/v7e-m/fpv5/hard/libc_nano.a
LOAD /home/tantatorn/.eclipse/com.st.stm32cube.ide.mcu.rcp.product_1.3.0_1935175002_linux_gtk_x86_64/plugins/com.st.stm32cube.ide.mcu.externaltools.gnu-tools-for-stm32.7-2018-q2-update.linux64_1.4.0.202007081208/tools/bin/../lib/gcc/arm-none-eabi/7.3.1/../../../../arm-none-eabi/lib/thumb/v7e-m/fpv5/hard/libm.a
END GROUP
START GROUP
LOAD /home/tantatorn/.eclipse/com.st.stm32cube.ide.mcu.rcp.product_1.3.0_1935175002_linux_gtk_x86_64/plugins/com.st.stm32cube.ide.mcu.externaltools.gnu-tools-for-stm32.7-2018-q2-update.linux64_1.4.0.202007081208/tools/bin/../lib/gcc/arm-none-eabi/7.3.1/thumb/v7e-m/fpv5/hard/libgcc.a
LOAD /home/tantatorn/.eclipse/com.st.stm32cube.ide.mcu.rcp.product_1.3.0_1935175002_linux_gtk_x86_64/plugins/com.st.stm32cube.ide.mcu.externaltools.gnu-tools-for-stm32.7-2018-q2-update.linux64_1.4.0.202007081208/tools/bin/../lib/gcc/arm-none-eabi/7.3.1/../../../../arm-none-eabi/lib/thumb/v7e-m/fpv5/hard/libc_nano.a
END GROUP
START GROUP
LOAD /home/tantatorn/.eclipse/com.st.stm32cube.ide.mcu.rcp.product_1.3.0_1935175002_linux_gtk_x86_64/plugins/com.st.stm32cube.ide.mcu.externaltools.gnu-tools-for-stm32.7-2018-q2-update.linux64_1.4.0.202007081208/tools/bin/../lib/gcc/arm-none-eabi/7.3.1/thumb/v7e-m/fpv5/hard/libgcc.a
LOAD /home/tantatorn/.eclipse/com.st.stm32cube.ide.mcu.rcp.product_1.3.0_1935175002_linux_gtk_x86_64/plugins/com.st.stm32cube.ide.mcu.externaltools.gnu-tools-for-stm32.7-2018-q2-update.linux64_1.4.0.202007081208/tools/bin/../lib/gcc/arm-none-eabi/7.3.1/../../../../arm-none-eabi/lib/thumb/v7e-m/fpv5/hard/libc_nano.a
LOAD /home/tantatorn/.eclipse/com.st.stm32cube.ide.mcu.rcp.product_1.3.0_1935175002_linux_gtk_x86_64/plugins/com.st.stm32cube.ide.mcu.externaltools.gnu-tools-for-stm32.7-2018-q2-update.linux64_1.4.0.202007081208/tools/bin/../lib/gcc/arm-none-eabi/7.3.1/../../../../arm-none-eabi/lib/thumb/v7e-m/fpv5/hard/libnosys.a
END GROUP
START GROUP
LOAD /home/tantatorn/.eclipse/com.st.stm32cube.ide.mcu.rcp.product_1.3.0_1935175002_linux_gtk_x86_64/plugins/com.st.stm32cube.ide.mcu.externaltools.gnu-tools-for-stm32.7-2018-q2-update.linux64_1.4.0.202007081208/tools/bin/../lib/gcc/arm-none-eabi/7.3.1/thumb/v7e-m/fpv5/hard/libgcc.a
LOAD /home/tantatorn/.eclipse/com.st.stm32cube.ide.mcu.rcp.product_1.3.0_1935175002_linux_gtk_x86_64/plugins/com.st.stm32cube.ide.mcu.externaltools.gnu-tools-for-stm32.7-2018-q2-update.linux64_1.4.0.202007081208/tools/bin/../lib/gcc/arm-none-eabi/7.3.1/../../../../arm-none-eabi/lib/thumb/v7e-m/fpv5/hard/libc_nano.a
LOAD /home/tantatorn/.eclipse/com.st.stm32cube.ide.mcu.rcp.product_1.3.0_1935175002_linux_gtk_x86_64/plugins/com.st.stm32cube.ide.mcu.externaltools.gnu-tools-for-stm32.7-2018-q2-update.linux64_1.4.0.202007081208/tools/bin/../lib/gcc/arm-none-eabi/7.3.1/../../../../arm-none-eabi/lib/thumb/v7e-m/fpv5/hard/libnosys.a
END GROUP
LOAD /home/tantatorn/.eclipse/com.st.stm32cube.ide.mcu.rcp.product_1.3.0_1935175002_linux_gtk_x86_64/plugins/com.st.stm32cube.ide.mcu.externaltools.gnu-tools-for-stm32.7-2018-q2-update.linux64_1.4.0.202007081208/tools/bin/../lib/gcc/arm-none-eabi/7.3.1/thumb/v7e-m/fpv5/hard/crtend.o
LOAD /home/tantatorn/.eclipse/com.st.stm32cube.ide.mcu.rcp.product_1.3.0_1935175002_linux_gtk_x86_64/plugins/com.st.stm32cube.ide.mcu.externaltools.gnu-tools-for-stm32.7-2018-q2-update.linux64_1.4.0.202007081208/tools/bin/../lib/gcc/arm-none-eabi/7.3.1/thumb/v7e-m/fpv5/hard/crtn.o
                0x0000000020080000                _estack = (ORIGIN (RAM) + LENGTH (RAM))
                0x0000000000000200                _Min_Heap_Size = 0x200
                0x0000000000000400                _Min_Stack_Size = 0x400

.isr_vector     0x0000000008000000      0x1f8
                0x0000000008000000                . = ALIGN (0x4)
 *(.isr_vector)
 .isr_vector    0x0000000008000000      0x1f8 Core/Startup/startup_stm32f767zitx.o
                0x0000000008000000                g_pfnVectors
                0x00000000080001f8                . = ALIGN (0x4)

.text           0x0000000008000200     0x855c
                0x0000000008000200                . = ALIGN (0x4)
 *(.text)
 .text          0x0000000008000200       0x40 /home/tantatorn/.eclipse/com.st.stm32cube.ide.mcu.rcp.product_1.3.0_1935175002_linux_gtk_x86_64/plugins/com.st.stm32cube.ide.mcu.externaltools.gnu-tools-for-stm32.7-2018-q2-update.linux64_1.4.0.202007081208/tools/bin/../lib/gcc/arm-none-eabi/7.3.1/thumb/v7e-m/fpv5/hard/crtbegin.o
 .text          0x0000000008000240       0x10 /home/tantatorn/.eclipse/com.st.stm32cube.ide.mcu.rcp.product_1.3.0_1935175002_linux_gtk_x86_64/plugins/com.st.stm32cube.ide.mcu.externaltools.gnu-tools-for-stm32.7-2018-q2-update.linux64_1.4.0.202007081208/tools/bin/../lib/gcc/arm-none-eabi/7.3.1/../../../../arm-none-eabi/lib/thumb/v7e-m/fpv5/hard/libc_nano.a(lib_a-strlen.o)
                0x0000000008000240                strlen
 .text          0x0000000008000250       0xa0 /home/tantatorn/.eclipse/com.st.stm32cube.ide.mcu.rcp.product_1.3.0_1935175002_linux_gtk_x86_64/plugins/com.st.stm32cube.ide.mcu.externaltools.gnu-tools-for-stm32.7-2018-q2-update.linux64_1.4.0.202007081208/tools/bin/../lib/gcc/arm-none-eabi/7.3.1/../../../../arm-none-eabi/lib/thumb/v7e-m/fpv5/hard/libc_nano.a(lib_a-memchr.o)
                0x0000000008000250                memchr
 .text          0x00000000080002f0       0x30 /home/tantatorn/.eclipse/com.st.stm32cube.ide.mcu.rcp.product_1.3.0_1935175002_linux_gtk_x86_64/plugins/com.st.stm32cube.ide.mcu.externaltools.gnu-tools-for-stm32.7-2018-q2-update.linux64_1.4.0.202007081208/tools/bin/../lib/gcc/arm-none-eabi/7.3.1/thumb/v7e-m/fpv5/hard/libgcc.a(_aeabi_uldivmod.o)
                0x00000000080002f0                __aeabi_uldivmod
 .text          0x0000000008000320      0x2cc /home/tantatorn/.eclipse/com.st.stm32cube.ide.mcu.rcp.product_1.3.0_1935175002_linux_gtk_x86_64/plugins/com.st.stm32cube.ide.mcu.externaltools.gnu-tools-for-stm32.7-2018-q2-update.linux64_1.4.0.202007081208/tools/bin/../lib/gcc/arm-none-eabi/7.3.1/thumb/v7e-m/fpv5/hard/libgcc.a(_udivmoddi4.o)
                0x0000000008000320                __udivmoddi4
 .text          0x00000000080005ec        0x4 /home/tantatorn/.eclipse/com.st.stm32cube.ide.mcu.rcp.product_1.3.0_1935175002_linux_gtk_x86_64/plugins/com.st.stm32cube.ide.mcu.externaltools.gnu-tools-for-stm32.7-2018-q2-update.linux64_1.4.0.202007081208/tools/bin/../lib/gcc/arm-none-eabi/7.3.1/thumb/v7e-m/fpv5/hard/libgcc.a(_dvmd_tls.o)
                0x00000000080005ec                __aeabi_ldiv0
                0x00000000080005ec                __aeabi_idiv0
 *(.text*)
 .text.MX_GPIO_Init
                0x00000000080005f0      0x264 Core/Src/gpio.o
                0x00000000080005f0                MX_GPIO_Init
 .text.GUI_init
                0x0000000008000854       0x38 Core/Src/gui.o
                0x0000000008000854                GUI_init
 .text.first_page
                0x000000000800088c       0x18 Core/Src/gui.o
                0x000000000800088c                first_page
 .text.draw_color_buttons
                0x00000000080008a4       0x30 Core/Src/gui.o
                0x00000000080008a4                draw_color_buttons
 .text.draw_progress_bars
                0x00000000080008d4      0x13c Core/Src/gui.o
                0x00000000080008d4                draw_progress_bars
 .text.draw_color_percent
                0x0000000008000a10       0x90 Core/Src/gui.o
                0x0000000008000a10                draw_color_percent
 .text.update_progress_bars
                0x0000000008000aa0      0x108 Core/Src/gui.o
                0x0000000008000aa0                update_progress_bars
 .text.SCB_EnableICache
                0x0000000008000ba8       0x40 Core/Src/main.o
 .text.SCB_EnableDCache
                0x0000000008000be8       0x80 Core/Src/main.o
 .text.main     0x0000000008000c68       0x32 Core/Src/main.o
                0x0000000008000c68                main
 *fill*         0x0000000008000c9a        0x2 
 .text.SystemClock_Config
                0x0000000008000c9c      0x12c Core/Src/main.o
                0x0000000008000c9c                SystemClock_Config
 .text.Error_Handler
                0x0000000008000dc8        0xe Core/Src/main.o
                0x0000000008000dc8                Error_Handler
 *fill*         0x0000000008000dd6        0x2 
 .text.MX_RNG_Init
                0x0000000008000dd8       0x28 Core/Src/rng.o
                0x0000000008000dd8                MX_RNG_Init
 .text.HAL_RNG_MspInit
                0x0000000008000e00       0x40 Core/Src/rng.o
                0x0000000008000e00                HAL_RNG_MspInit
 .text.MX_SPI5_Init
                0x0000000008000e40       0x7c Core/Src/spi.o
                0x0000000008000e40                MX_SPI5_Init
 .text.HAL_SPI_MspInit
                0x0000000008000ebc       0x88 Core/Src/spi.o
                0x0000000008000ebc                HAL_SPI_MspInit
 .text.HAL_MspInit
                0x0000000008000f44       0x48 Core/Src/stm32f7xx_hal_msp.o
                0x0000000008000f44                HAL_MspInit
 .text.SysTick_Handler
                0x0000000008000f8c        0xc Core/Src/stm32f7xx_it.o
                0x0000000008000f8c                SysTick_Handler
 .text._sbrk    0x0000000008000f98       0x6c Core/Src/sysmem.o
                0x0000000008000f98                _sbrk
 .text.SystemInit
                0x0000000008001004       0x2c Core/Src/system_stm32f7xx.o
                0x0000000008001004                SystemInit
 .text.MX_TIM1_Init
                0x0000000008001030       0xac Core/Src/tim.o
                0x0000000008001030                MX_TIM1_Init
 .text.HAL_TIM_Base_MspInit
                0x00000000080010dc       0x40 Core/Src/tim.o
                0x00000000080010dc                HAL_TIM_Base_MspInit
 .text.MX_USART3_UART_Init
                0x000000000800111c       0x60 Core/Src/usart.o
                0x000000000800111c                MX_USART3_UART_Init
 .text.HAL_UART_MspInit
                0x000000000800117c       0x88 Core/Src/usart.o
                0x000000000800117c                HAL_UART_MspInit
 .text.Reset_Handler
                0x0000000008001204       0x50 Core/Startup/startup_stm32f767zitx.o
                0x0000000008001204                Reset_Handler
 .text.Default_Handler
                0x0000000008001254        0x2 Core/Startup/startup_stm32f767zitx.o
                0x0000000008001254                RTC_Alarm_IRQHandler
                0x0000000008001254                EXTI2_IRQHandler
                0x0000000008001254                TIM8_CC_IRQHandler
                0x0000000008001254                DebugMon_Handler
                0x0000000008001254                UART8_IRQHandler
                0x0000000008001254                SPI4_IRQHandler
                0x0000000008001254                TIM1_CC_IRQHandler
                0x0000000008001254                DMA2_Stream5_IRQHandler
                0x0000000008001254                HardFault_Handler
                0x0000000008001254                JPEG_IRQHandler
                0x0000000008001254                DMA1_Stream5_IRQHandler
                0x0000000008001254                CAN3_RX1_IRQHandler
                0x0000000008001254                PVD_IRQHandler
                0x0000000008001254                TAMP_STAMP_IRQHandler
                0x0000000008001254                PendSV_Handler
                0x0000000008001254                NMI_Handler
                0x0000000008001254                CAN2_RX1_IRQHandler
                0x0000000008001254                EXTI3_IRQHandler
                0x0000000008001254                TIM8_TRG_COM_TIM14_IRQHandler
                0x0000000008001254                DFSDM1_FLT1_IRQHandler
                0x0000000008001254                TIM1_UP_TIM10_IRQHandler
                0x0000000008001254                TIM8_UP_TIM13_IRQHandler
                0x0000000008001254                I2C3_ER_IRQHandler
                0x0000000008001254                DFSDM1_FLT2_IRQHandler
                0x0000000008001254                EXTI0_IRQHandler
                0x0000000008001254                I2C2_EV_IRQHandler
                0x0000000008001254                DMA1_Stream2_IRQHandler
                0x0000000008001254                CAN1_RX0_IRQHandler
                0x0000000008001254                FPU_IRQHandler
                0x0000000008001254                OTG_HS_WKUP_IRQHandler
                0x0000000008001254                CAN3_SCE_IRQHandler
                0x0000000008001254                UsageFault_Handler
                0x0000000008001254                LTDC_ER_IRQHandler
                0x0000000008001254                CAN2_SCE_IRQHandler
                0x0000000008001254                DMA2_Stream2_IRQHandler
                0x0000000008001254                SPI1_IRQHandler
                0x0000000008001254                TIM6_DAC_IRQHandler
                0x0000000008001254                TIM1_BRK_TIM9_IRQHandler
                0x0000000008001254                DCMI_IRQHandler
                0x0000000008001254                CAN2_RX0_IRQHandler
                0x0000000008001254                DMA2_Stream3_IRQHandler
                0x0000000008001254                SAI2_IRQHandler
                0x0000000008001254                DFSDM1_FLT3_IRQHandler
                0x0000000008001254                USART6_IRQHandler
                0x0000000008001254                CAN3_RX0_IRQHandler
                0x0000000008001254                USART3_IRQHandler
                0x0000000008001254                CAN1_RX1_IRQHandler
                0x0000000008001254                UART5_IRQHandler
                0x0000000008001254                DMA2_Stream0_IRQHandler
                0x0000000008001254                TIM4_IRQHandler
                0x0000000008001254                QUADSPI_IRQHandler
                0x0000000008001254                I2C1_EV_IRQHandler
                0x0000000008001254                DMA1_Stream6_IRQHandler
                0x0000000008001254                DMA1_Stream1_IRQHandler
                0x0000000008001254                UART4_IRQHandler
                0x0000000008001254                TIM3_IRQHandler
                0x0000000008001254                RCC_IRQHandler
                0x0000000008001254                TIM8_BRK_TIM12_IRQHandler
                0x0000000008001254                Default_Handler
                0x0000000008001254                CEC_IRQHandler
                0x0000000008001254                EXTI15_10_IRQHandler
                0x0000000008001254                ADC_IRQHandler
                0x0000000008001254                DMA1_Stream7_IRQHandler
                0x0000000008001254                SPI5_IRQHandler
                0x0000000008001254                TIM7_IRQHandler
                0x0000000008001254                SDMMC1_IRQHandler
                0x0000000008001254                CAN2_TX_IRQHandler
                0x0000000008001254                TIM5_IRQHandler
                0x0000000008001254                DMA2_Stream7_IRQHandler
                0x0000000008001254                I2C3_EV_IRQHandler
                0x0000000008001254                EXTI9_5_IRQHandler
                0x0000000008001254                RTC_WKUP_IRQHandler
                0x0000000008001254                LTDC_IRQHandler
                0x0000000008001254                ETH_WKUP_IRQHandler
                0x0000000008001254                SPDIF_RX_IRQHandler
                0x0000000008001254                SPI2_IRQHandler
                0x0000000008001254                OTG_HS_EP1_IN_IRQHandler
                0x0000000008001254                MemManage_Handler
                0x0000000008001254                DMA1_Stream0_IRQHandler
                0x0000000008001254                CAN1_TX_IRQHandler
                0x0000000008001254                SVC_Handler
                0x0000000008001254                EXTI4_IRQHandler
                0x0000000008001254                RNG_IRQHandler
                0x0000000008001254                ETH_IRQHandler
                0x0000000008001254                OTG_HS_EP1_OUT_IRQHandler
                0x0000000008001254                WWDG_IRQHandler
                0x0000000008001254                SPI6_IRQHandler
                0x0000000008001254                MDIOS_IRQHandler
                0x0000000008001254                I2C4_EV_IRQHandler
                0x0000000008001254                CAN3_TX_IRQHandler
                0x0000000008001254                TIM2_IRQHandler
                0x0000000008001254                OTG_FS_WKUP_IRQHandler
                0x0000000008001254                TIM1_TRG_COM_TIM11_IRQHandler
                0x0000000008001254                OTG_HS_IRQHandler
                0x0000000008001254                DMA2D_IRQHandler
                0x0000000008001254                EXTI1_IRQHandler
                0x0000000008001254                SDMMC2_IRQHandler
                0x0000000008001254                UART7_IRQHandler
                0x0000000008001254                USART2_IRQHandler
                0x0000000008001254                DFSDM1_FLT0_IRQHandler
                0x0000000008001254                I2C2_ER_IRQHandler
                0x0000000008001254                DMA2_Stream1_IRQHandler
                0x0000000008001254                CAN1_SCE_IRQHandler
                0x0000000008001254                FLASH_IRQHandler
                0x0000000008001254                DMA2_Stream4_IRQHandler
                0x0000000008001254                BusFault_Handler
                0x0000000008001254                USART1_IRQHandler
                0x0000000008001254                OTG_FS_IRQHandler
                0x0000000008001254                SPI3_IRQHandler
                0x0000000008001254                DMA1_Stream4_IRQHandler
                0x0000000008001254                I2C1_ER_IRQHandler
                0x0000000008001254                FMC_IRQHandler
                0x0000000008001254                LPTIM1_IRQHandler
                0x0000000008001254                I2C4_ER_IRQHandler
                0x0000000008001254                DMA2_Stream6_IRQHandler
                0x0000000008001254                SAI1_IRQHandler
                0x0000000008001254                DMA1_Stream3_IRQHandler
 *fill*         0x0000000008001256        0x2 
 .text.HAL_Init
                0x0000000008001258       0x38 Drivers/STM32F7xx_HAL_Driver/Src/stm32f7xx_hal.o
                0x0000000008001258                HAL_Init
 .text.HAL_InitTick
                0x0000000008001290       0x60 Drivers/STM32F7xx_HAL_Driver/Src/stm32f7xx_hal.o
                0x0000000008001290                HAL_InitTick
 .text.HAL_IncTick
                0x00000000080012f0       0x28 Drivers/STM32F7xx_HAL_Driver/Src/stm32f7xx_hal.o
                0x00000000080012f0                HAL_IncTick
 .text.HAL_GetTick
                0x0000000008001318       0x18 Drivers/STM32F7xx_HAL_Driver/Src/stm32f7xx_hal.o
                0x0000000008001318                HAL_GetTick
 .text.HAL_Delay
                0x0000000008001330       0x44 Drivers/STM32F7xx_HAL_Driver/Src/stm32f7xx_hal.o
                0x0000000008001330                HAL_Delay
 .text.__NVIC_SetPriorityGrouping
                0x0000000008001374       0x48 Drivers/STM32F7xx_HAL_Driver/Src/stm32f7xx_hal_cortex.o
 .text.__NVIC_GetPriorityGrouping
                0x00000000080013bc       0x1c Drivers/STM32F7xx_HAL_Driver/Src/stm32f7xx_hal_cortex.o
 .text.__NVIC_SetPriority
                0x00000000080013d8       0x54 Drivers/STM32F7xx_HAL_Driver/Src/stm32f7xx_hal_cortex.o
 .text.NVIC_EncodePriority
                0x000000000800142c       0x66 Drivers/STM32F7xx_HAL_Driver/Src/stm32f7xx_hal_cortex.o
 *fill*         0x0000000008001492        0x2 
 .text.SysTick_Config
                0x0000000008001494       0x44 Drivers/STM32F7xx_HAL_Driver/Src/stm32f7xx_hal_cortex.o
 .text.HAL_NVIC_SetPriorityGrouping
                0x00000000080014d8       0x16 Drivers/STM32F7xx_HAL_Driver/Src/stm32f7xx_hal_cortex.o
                0x00000000080014d8                HAL_NVIC_SetPriorityGrouping
 .text.HAL_NVIC_SetPriority
                0x00000000080014ee       0x38 Drivers/STM32F7xx_HAL_Driver/Src/stm32f7xx_hal_cortex.o
                0x00000000080014ee                HAL_NVIC_SetPriority
 .text.HAL_SYSTICK_Config
                0x0000000008001526       0x18 Drivers/STM32F7xx_HAL_Driver/Src/stm32f7xx_hal_cortex.o
                0x0000000008001526                HAL_SYSTICK_Config
 *fill*         0x000000000800153e        0x2 
 .text.HAL_GPIO_Init
                0x0000000008001540      0x354 Drivers/STM32F7xx_HAL_Driver/Src/stm32f7xx_hal_gpio.o
                0x0000000008001540                HAL_GPIO_Init
 .text.HAL_GPIO_ReadPin
                0x0000000008001894       0x30 Drivers/STM32F7xx_HAL_Driver/Src/stm32f7xx_hal_gpio.o
                0x0000000008001894                HAL_GPIO_ReadPin
 .text.HAL_GPIO_WritePin
                0x00000000080018c4       0x32 Drivers/STM32F7xx_HAL_Driver/Src/stm32f7xx_hal_gpio.o
                0x00000000080018c4                HAL_GPIO_WritePin
 *fill*         0x00000000080018f6        0x2 
 .text.HAL_PWR_EnableBkUpAccess
                0x00000000080018f8       0x20 Drivers/STM32F7xx_HAL_Driver/Src/stm32f7xx_hal_pwr.o
                0x00000000080018f8                HAL_PWR_EnableBkUpAccess
 .text.HAL_PWREx_EnableOverDrive
                0x0000000008001918       0xa0 Drivers/STM32F7xx_HAL_Driver/Src/stm32f7xx_hal_pwr_ex.o
                0x0000000008001918                HAL_PWREx_EnableOverDrive
 .text.HAL_RCC_OscConfig
                0x00000000080019b8      0x55c Drivers/STM32F7xx_HAL_Driver/Src/stm32f7xx_hal_rcc.o
                0x00000000080019b8                HAL_RCC_OscConfig
 .text.HAL_RCC_ClockConfig
                0x0000000008001f14      0x1d8 Drivers/STM32F7xx_HAL_Driver/Src/stm32f7xx_hal_rcc.o
                0x0000000008001f14                HAL_RCC_ClockConfig
 .text.HAL_RCC_GetSysClockFreq
                0x00000000080020ec      0x1b0 Drivers/STM32F7xx_HAL_Driver/Src/stm32f7xx_hal_rcc.o
                0x00000000080020ec                HAL_RCC_GetSysClockFreq
 .text.HAL_RCC_GetHCLKFreq
                0x000000000800229c       0x18 Drivers/STM32F7xx_HAL_Driver/Src/stm32f7xx_hal_rcc.o
                0x000000000800229c                HAL_RCC_GetHCLKFreq
 .text.HAL_RCC_GetPCLK1Freq
                0x00000000080022b4       0x28 Drivers/STM32F7xx_HAL_Driver/Src/stm32f7xx_hal_rcc.o
                0x00000000080022b4                HAL_RCC_GetPCLK1Freq
 .text.HAL_RCC_GetPCLK2Freq
                0x00000000080022dc       0x28 Drivers/STM32F7xx_HAL_Driver/Src/stm32f7xx_hal_rcc.o
                0x00000000080022dc                HAL_RCC_GetPCLK2Freq
 .text.HAL_RCCEx_PeriphCLKConfig
                0x0000000008002304      0x84c Drivers/STM32F7xx_HAL_Driver/Src/stm32f7xx_hal_rcc_ex.o
                0x0000000008002304                HAL_RCCEx_PeriphCLKConfig
 .text.HAL_RNG_Init
                0x0000000008002b50       0x54 Drivers/STM32F7xx_HAL_Driver/Src/stm32f7xx_hal_rng.o
                0x0000000008002b50                HAL_RNG_Init
 .text.HAL_SPI_Init
                0x0000000008002ba4      0x124 Drivers/STM32F7xx_HAL_Driver/Src/stm32f7xx_hal_spi.o
                0x0000000008002ba4                HAL_SPI_Init
 .text.HAL_SPI_Transmit
                0x0000000008002cc8      0x2cc Drivers/STM32F7xx_HAL_Driver/Src/stm32f7xx_hal_spi.o
                0x0000000008002cc8                HAL_SPI_Transmit
 .text.SPI_WaitFlagStateUntilTimeout
                0x0000000008002f94       0xd4 Drivers/STM32F7xx_HAL_Driver/Src/stm32f7xx_hal_spi.o
 .text.SPI_WaitFifoStateUntilTimeout
                0x0000000008003068       0xda Drivers/STM32F7xx_HAL_Driver/Src/stm32f7xx_hal_spi.o
 .text.SPI_EndRxTxTransaction
                0x0000000008003142       0x8c Drivers/STM32F7xx_HAL_Driver/Src/stm32f7xx_hal_spi.o
 .text.HAL_TIM_Base_Init
                0x00000000080031ce       0x56 Drivers/STM32F7xx_HAL_Driver/Src/stm32f7xx_hal_tim.o
                0x00000000080031ce                HAL_TIM_Base_Init
 .text.HAL_TIM_ConfigClockSource
                0x0000000008003224      0x174 Drivers/STM32F7xx_HAL_Driver/Src/stm32f7xx_hal_tim.o
                0x0000000008003224                HAL_TIM_ConfigClockSource
 .text.TIM_Base_SetConfig
                0x0000000008003398      0x140 Drivers/STM32F7xx_HAL_Driver/Src/stm32f7xx_hal_tim.o
                0x0000000008003398                TIM_Base_SetConfig
 .text.TIM_TI1_ConfigInputStage
                0x00000000080034d8       0x5e Drivers/STM32F7xx_HAL_Driver/Src/stm32f7xx_hal_tim.o
 .text.TIM_TI2_ConfigInputStage
                0x0000000008003536       0x60 Drivers/STM32F7xx_HAL_Driver/Src/stm32f7xx_hal_tim.o
 .text.TIM_ITRx_SetConfig
                0x0000000008003596       0x36 Drivers/STM32F7xx_HAL_Driver/Src/stm32f7xx_hal_tim.o
 .text.TIM_ETR_SetConfig
                0x00000000080035cc       0x40 Drivers/STM32F7xx_HAL_Driver/Src/stm32f7xx_hal_tim.o
                0x00000000080035cc                TIM_ETR_SetConfig
 .text.HAL_TIMEx_MasterConfigSynchronization
                0x000000000800360c      0x11c Drivers/STM32F7xx_HAL_Driver/Src/stm32f7xx_hal_tim_ex.o
                0x000000000800360c                HAL_TIMEx_MasterConfigSynchronization
 .text.HAL_UART_Init
                0x0000000008003728       0x9c Drivers/STM32F7xx_HAL_Driver/Src/stm32f7xx_hal_uart.o
                0x0000000008003728                HAL_UART_Init
 .text.UART_SetConfig
                0x00000000080037c4      0x554 Drivers/STM32F7xx_HAL_Driver/Src/stm32f7xx_hal_uart.o
                0x00000000080037c4                UART_SetConfig
 .text.UART_AdvFeatureConfig
                0x0000000008003d18      0x144 Drivers/STM32F7xx_HAL_Driver/Src/stm32f7xx_hal_uart.o
                0x0000000008003d18                UART_AdvFeatureConfig
 .text.UART_CheckIdleState
                0x0000000008003e5c       0x8a Drivers/STM32F7xx_HAL_Driver/Src/stm32f7xx_hal_uart.o
                0x0000000008003e5c                UART_CheckIdleState
 .text.UART_WaitOnFlagUntilTimeout
                0x0000000008003ee6       0xf6 Drivers/STM32F7xx_HAL_Driver/Src/stm32f7xx_hal_uart.o
                0x0000000008003ee6                UART_WaitOnFlagUntilTimeout
 .text.ILI9341_Draw_Filled_Circle
                0x0000000008003fdc      0x10e ILI9341/ILI9341_GFX.o
                0x0000000008003fdc                ILI9341_Draw_Filled_Circle
 .text.ILI9341_Draw_Filled_Rectangle_Coord
                0x00000000080040ea       0xbc ILI9341/ILI9341_GFX.o
                0x00000000080040ea                ILI9341_Draw_Filled_Rectangle_Coord
 *fill*         0x00000000080041a6        0x2 
 .text.ILI9341_Draw_Char
                0x00000000080041a8      0x128 ILI9341/ILI9341_GFX.o
                0x00000000080041a8                ILI9341_Draw_Char
 .text.ILI9341_Draw_Text
                0x00000000080042d0       0x5a ILI9341/ILI9341_GFX.o
                0x00000000080042d0                ILI9341_Draw_Text
 *fill*         0x000000000800432a        0x2 
 .text.ILI9341_SPI_Init
                0x000000000800432c       0x20 ILI9341/ILI9341_STM32_Driver.o
                0x000000000800432c                ILI9341_SPI_Init
 .text.ILI9341_SPI_Send
                0x000000000800434c       0x24 ILI9341/ILI9341_STM32_Driver.o
                0x000000000800434c                ILI9341_SPI_Send
 .text.ILI9341_Write_Command
                0x0000000008004370       0x44 ILI9341/ILI9341_STM32_Driver.o
                0x0000000008004370                ILI9341_Write_Command
 .text.ILI9341_Write_Data
                0x00000000080043b4       0x44 ILI9341/ILI9341_STM32_Driver.o
                0x00000000080043b4                ILI9341_Write_Data
 .text.ILI9341_Set_Address
                0x00000000080043f8       0x98 ILI9341/ILI9341_STM32_Driver.o
                0x00000000080043f8                ILI9341_Set_Address
 .text.ILI9341_Reset
                0x0000000008004490       0x3c ILI9341/ILI9341_STM32_Driver.o
                0x0000000008004490                ILI9341_Reset
 .text.ILI9341_Set_Rotation
                0x00000000080044cc       0xa4 ILI9341/ILI9341_STM32_Driver.o
                0x00000000080044cc                ILI9341_Set_Rotation
 .text.ILI9341_Enable
                0x0000000008004570       0x18 ILI9341/ILI9341_STM32_Driver.o
                0x0000000008004570                ILI9341_Enable
 .text.ILI9341_Init
                0x0000000008004588      0x21a ILI9341/ILI9341_STM32_Driver.o
                0x0000000008004588                ILI9341_Init
 *fill*         0x00000000080047a2        0x2 
 .text.ILI9341_Draw_Colour_Burst
                0x00000000080047a4      0x134 ILI9341/ILI9341_STM32_Driver.o
                0x00000000080047a4                ILI9341_Draw_Colour_Burst
 .text.ILI9341_Fill_Screen
                0x00000000080048d8       0x4c ILI9341/ILI9341_STM32_Driver.o
                0x00000000080048d8                ILI9341_Fill_Screen
 .text.ILI9341_Draw_Pixel
                0x0000000008004924      0x1b4 ILI9341/ILI9341_STM32_Driver.o
                0x0000000008004924                ILI9341_Draw_Pixel
 .text.ILI9341_Draw_Rectangle
                0x0000000008004ad8       0xbc ILI9341/ILI9341_STM32_Driver.o
                0x0000000008004ad8                ILI9341_Draw_Rectangle
 .text.TP_Read  0x0000000008004b94       0x58 ILI9341/ILI9341_Touchscreen.o
                0x0000000008004b94                TP_Read
 .text.TP_Write
                0x0000000008004bec       0x6c ILI9341/ILI9341_Touchscreen.o
                0x0000000008004bec                TP_Write
 .text.TP_Read_Coordinates
                0x0000000008004c58      0x184 ILI9341/ILI9341_Touchscreen.o
                0x0000000008004c58                TP_Read_Coordinates
 .text.TP_Touchpad_Pressed
                0x0000000008004ddc       0x20 ILI9341/ILI9341_Touchscreen.o
                0x0000000008004ddc                TP_Touchpad_Pressed
 .text.__errno  0x0000000008004dfc        0xc /home/tantatorn/.eclipse/com.st.stm32cube.ide.mcu.rcp.product_1.3.0_1935175002_linux_gtk_x86_64/plugins/com.st.stm32cube.ide.mcu.externaltools.gnu-tools-for-stm32.7-2018-q2-update.linux64_1.4.0.202007081208/tools/bin/../lib/gcc/arm-none-eabi/7.3.1/../../../../arm-none-eabi/lib/thumb/v7e-m/fpv5/hard/libc_nano.a(lib_a-errno.o)
                0x0000000008004dfc                __errno
 .text.__libc_init_array
                0x0000000008004e08       0x48 /home/tantatorn/.eclipse/com.st.stm32cube.ide.mcu.rcp.product_1.3.0_1935175002_linux_gtk_x86_64/plugins/com.st.stm32cube.ide.mcu.externaltools.gnu-tools-for-stm32.7-2018-q2-update.linux64_1.4.0.202007081208/tools/bin/../lib/gcc/arm-none-eabi/7.3.1/../../../../arm-none-eabi/lib/thumb/v7e-m/fpv5/hard/libc_nano.a(lib_a-init.o)
                0x0000000008004e08                __libc_init_array
 .text.memset   0x0000000008004e50       0x10 /home/tantatorn/.eclipse/com.st.stm32cube.ide.mcu.rcp.product_1.3.0_1935175002_linux_gtk_x86_64/plugins/com.st.stm32cube.ide.mcu.externaltools.gnu-tools-for-stm32.7-2018-q2-update.linux64_1.4.0.202007081208/tools/bin/../lib/gcc/arm-none-eabi/7.3.1/../../../../arm-none-eabi/lib/thumb/v7e-m/fpv5/hard/libc_nano.a(lib_a-memset.o)
                0x0000000008004e50                memset
 .text.__cvt    0x0000000008004e60       0xa4 /home/tantatorn/.eclipse/com.st.stm32cube.ide.mcu.rcp.product_1.3.0_1935175002_linux_gtk_x86_64/plugins/com.st.stm32cube.ide.mcu.externaltools.gnu-tools-for-stm32.7-2018-q2-update.linux64_1.4.0.202007081208/tools/bin/../lib/gcc/arm-none-eabi/7.3.1/../../../../arm-none-eabi/lib/thumb/v7e-m/fpv5/hard/libc_nano.a(lib_a-nano-vfprintf_float.o)
                0x0000000008004e60                __cvt
 .text.__exponent
                0x0000000008004f04       0x66 /home/tantatorn/.eclipse/com.st.stm32cube.ide.mcu.rcp.product_1.3.0_1935175002_linux_gtk_x86_64/plugins/com.st.stm32cube.ide.mcu.externaltools.gnu-tools-for-stm32.7-2018-q2-update.linux64_1.4.0.202007081208/tools/bin/../lib/gcc/arm-none-eabi/7.3.1/../../../../arm-none-eabi/lib/thumb/v7e-m/fpv5/hard/libc_nano.a(lib_a-nano-vfprintf_float.o)
                0x0000000008004f04                __exponent
 *fill*         0x0000000008004f6a        0x6 
 .text._printf_float
                0x0000000008004f70      0x458 /home/tantatorn/.eclipse/com.st.stm32cube.ide.mcu.rcp.product_1.3.0_1935175002_linux_gtk_x86_64/plugins/com.st.stm32cube.ide.mcu.externaltools.gnu-tools-for-stm32.7-2018-q2-update.linux64_1.4.0.202007081208/tools/bin/../lib/gcc/arm-none-eabi/7.3.1/../../../../arm-none-eabi/lib/thumb/v7e-m/fpv5/hard/libc_nano.a(lib_a-nano-vfprintf_float.o)
                0x0000000008004f70                _printf_float
 .text._printf_common
                0x00000000080053c8       0xea /home/tantatorn/.eclipse/com.st.stm32cube.ide.mcu.rcp.product_1.3.0_1935175002_linux_gtk_x86_64/plugins/com.st.stm32cube.ide.mcu.externaltools.gnu-tools-for-stm32.7-2018-q2-update.linux64_1.4.0.202007081208/tools/bin/../lib/gcc/arm-none-eabi/7.3.1/../../../../arm-none-eabi/lib/thumb/v7e-m/fpv5/hard/libc_nano.a(lib_a-nano-vfprintf_i.o)
                0x00000000080053c8                _printf_common
 *fill*         0x00000000080054b2        0x2 
 .text._printf_i
                0x00000000080054b4      0x224 /home/tantatorn/.eclipse/com.st.stm32cube.ide.mcu.rcp.product_1.3.0_1935175002_linux_gtk_x86_64/plugins/com.st.stm32cube.ide.mcu.externaltools.gnu-tools-for-stm32.7-2018-q2-update.linux64_1.4.0.202007081208/tools/bin/../lib/gcc/arm-none-eabi/7.3.1/../../../../arm-none-eabi/lib/thumb/v7e-m/fpv5/hard/libc_nano.a(lib_a-nano-vfprintf_i.o)
                0x00000000080054b4                _printf_i
 .text._scanf_float
                0x00000000080056d8      0x3b0 /home/tantatorn/.eclipse/com.st.stm32cube.ide.mcu.rcp.product_1.3.0_1935175002_linux_gtk_x86_64/plugins/com.st.stm32cube.ide.mcu.externaltools.gnu-tools-for-stm32.7-2018-q2-update.linux64_1.4.0.202007081208/tools/bin/../lib/gcc/arm-none-eabi/7.3.1/../../../../arm-none-eabi/lib/thumb/v7e-m/fpv5/hard/libc_nano.a(lib_a-nano-vfscanf_float.o)
                0x00000000080056d8                _scanf_float
 .text.nanf     0x0000000008005a88        0xc /home/tantatorn/.eclipse/com.st.stm32cube.ide.mcu.rcp.product_1.3.0_1935175002_linux_gtk_x86_64/plugins/com.st.stm32cube.ide.mcu.externaltools.gnu-tools-for-stm32.7-2018-q2-update.linux64_1.4.0.202007081208/tools/bin/../lib/gcc/arm-none-eabi/7.3.1/../../../../arm-none-eabi/lib/thumb/v7e-m/fpv5/hard/libc_nano.a(lib_a-sf_nan.o)
                0x0000000008005a88                nanf
 .text.sprintf  0x0000000008005a94       0x40 /home/tantatorn/.eclipse/com.st.stm32cube.ide.mcu.rcp.product_1.3.0_1935175002_linux_gtk_x86_64/plugins/com.st.stm32cube.ide.mcu.externaltools.gnu-tools-for-stm32.7-2018-q2-update.linux64_1.4.0.202007081208/tools/bin/../lib/gcc/arm-none-eabi/7.3.1/../../../../arm-none-eabi/lib/thumb/v7e-m/fpv5/hard/libc_nano.a(lib_a-sprintf.o)
                0x0000000008005a94                sprintf
                0x0000000008005a94                siprintf
 .text.unlikely.sulp
                0x0000000008005ad4       0x34 /home/tantatorn/.eclipse/com.st.stm32cube.ide.mcu.rcp.product_1.3.0_1935175002_linux_gtk_x86_64/plugins/com.st.stm32cube.ide.mcu.externaltools.gnu-tools-for-stm32.7-2018-q2-update.linux64_1.4.0.202007081208/tools/bin/../lib/gcc/arm-none-eabi/7.3.1/../../../../arm-none-eabi/lib/thumb/v7e-m/fpv5/hard/libc_nano.a(lib_a-strtod.o)
 .text._strtod_l
                0x0000000008005b08      0xb90 /home/tantatorn/.eclipse/com.st.stm32cube.ide.mcu.rcp.product_1.3.0_1935175002_linux_gtk_x86_64/plugins/com.st.stm32cube.ide.mcu.externaltools.gnu-tools-for-stm32.7-2018-q2-update.linux64_1.4.0.202007081208/tools/bin/../lib/gcc/arm-none-eabi/7.3.1/../../../../arm-none-eabi/lib/thumb/v7e-m/fpv5/hard/libc_nano.a(lib_a-strtod.o)
                0x0000000008005b08                _strtod_l
 .text._strtod_r
                0x0000000008006698       0x20 /home/tantatorn/.eclipse/com.st.stm32cube.ide.mcu.rcp.product_1.3.0_1935175002_linux_gtk_x86_64/plugins/com.st.stm32cube.ide.mcu.externaltools.gnu-tools-for-stm32.7-2018-q2-update.linux64_1.4.0.202007081208/tools/bin/../lib/gcc/arm-none-eabi/7.3.1/../../../../arm-none-eabi/lib/thumb/v7e-m/fpv5/hard/libc_nano.a(lib_a-strtod.o)
                0x0000000008006698                _strtod_r
 .text._strtol_l.isra.0
                0x00000000080066b8       0xf6 /home/tantatorn/.eclipse/com.st.stm32cube.ide.mcu.rcp.product_1.3.0_1935175002_linux_gtk_x86_64/plugins/com.st.stm32cube.ide.mcu.externaltools.gnu-tools-for-stm32.7-2018-q2-update.linux64_1.4.0.202007081208/tools/bin/../lib/gcc/arm-none-eabi/7.3.1/../../../../arm-none-eabi/lib/thumb/v7e-m/fpv5/hard/libc_nano.a(lib_a-strtol.o)
 *fill*         0x00000000080067ae        0x2 
 .text._strtol_r
                0x00000000080067b0       0x24 /home/tantatorn/.eclipse/com.st.stm32cube.ide.mcu.rcp.product_1.3.0_1935175002_linux_gtk_x86_64/plugins/com.st.stm32cube.ide.mcu.externaltools.gnu-tools-for-stm32.7-2018-q2-update.linux64_1.4.0.202007081208/tools/bin/../lib/gcc/arm-none-eabi/7.3.1/../../../../arm-none-eabi/lib/thumb/v7e-m/fpv5/hard/libc_nano.a(lib_a-strtol.o)
                0x00000000080067b0                _strtol_r
 .text.quorem   0x00000000080067d4      0x118 /home/tantatorn/.eclipse/com.st.stm32cube.ide.mcu.rcp.product_1.3.0_1935175002_linux_gtk_x86_64/plugins/com.st.stm32cube.ide.mcu.externaltools.gnu-tools-for-stm32.7-2018-q2-update.linux64_1.4.0.202007081208/tools/bin/../lib/gcc/arm-none-eabi/7.3.1/../../../../arm-none-eabi/lib/thumb/v7e-m/fpv5/hard/libc_nano.a(lib_a-dtoa.o)
 *fill*         0x00000000080068ec        0x4 
 .text._dtoa_r  0x00000000080068f0      0xa98 /home/tantatorn/.eclipse/com.st.stm32cube.ide.mcu.rcp.product_1.3.0_1935175002_linux_gtk_x86_64/plugins/com.st.stm32cube.ide.mcu.externaltools.gnu-tools-for-stm32.7-2018-q2-update.linux64_1.4.0.202007081208/tools/bin/../lib/gcc/arm-none-eabi/7.3.1/../../../../arm-none-eabi/lib/thumb/v7e-m/fpv5/hard/libc_nano.a(lib_a-dtoa.o)
                0x00000000080068f0                _dtoa_r
 .text.rshift   0x0000000008007388       0x74 /home/tantatorn/.eclipse/com.st.stm32cube.ide.mcu.rcp.product_1.3.0_1935175002_linux_gtk_x86_64/plugins/com.st.stm32cube.ide.mcu.externaltools.gnu-tools-for-stm32.7-2018-q2-update.linux64_1.4.0.202007081208/tools/bin/../lib/gcc/arm-none-eabi/7.3.1/../../../../arm-none-eabi/lib/thumb/v7e-m/fpv5/hard/libc_nano.a(lib_a-gdtoa-gethex.o)
 .text.__hexdig_fun
                0x00000000080073fc       0x2a /home/tantatorn/.eclipse/com.st.stm32cube.ide.mcu.rcp.product_1.3.0_1935175002_linux_gtk_x86_64/plugins/com.st.stm32cube.ide.mcu.externaltools.gnu-tools-for-stm32.7-2018-q2-update.linux64_1.4.0.202007081208/tools/bin/../lib/gcc/arm-none-eabi/7.3.1/../../../../arm-none-eabi/lib/thumb/v7e-m/fpv5/hard/libc_nano.a(lib_a-gdtoa-gethex.o)
                0x00000000080073fc                __hexdig_fun
 .text.__gethex
                0x0000000008007426      0x442 /home/tantatorn/.eclipse/com.st.stm32cube.ide.mcu.rcp.product_1.3.0_1935175002_linux_gtk_x86_64/plugins/com.st.stm32cube.ide.mcu.externaltools.gnu-tools-for-stm32.7-2018-q2-update.linux64_1.4.0.202007081208/tools/bin/../lib/gcc/arm-none-eabi/7.3.1/../../../../arm-none-eabi/lib/thumb/v7e-m/fpv5/hard/libc_nano.a(lib_a-gdtoa-gethex.o)
                0x0000000008007426                __gethex
 .text.L_shift  0x0000000008007868       0x24 /home/tantatorn/.eclipse/com.st.stm32cube.ide.mcu.rcp.product_1.3.0_1935175002_linux_gtk_x86_64/plugins/com.st.stm32cube.ide.mcu.externaltools.gnu-tools-for-stm32.7-2018-q2-update.linux64_1.4.0.202007081208/tools/bin/../lib/gcc/arm-none-eabi/7.3.1/../../../../arm-none-eabi/lib/thumb/v7e-m/fpv5/hard/libc_nano.a(lib_a-gdtoa-hexnan.o)
 .text.__match  0x000000000800788c       0x28 /home/tantatorn/.eclipse/com.st.stm32cube.ide.mcu.rcp.product_1.3.0_1935175002_linux_gtk_x86_64/plugins/com.st.stm32cube.ide.mcu.externaltools.gnu-tools-for-stm32.7-2018-q2-update.linux64_1.4.0.202007081208/tools/bin/../lib/gcc/arm-none-eabi/7.3.1/../../../../arm-none-eabi/lib/thumb/v7e-m/fpv5/hard/libc_nano.a(lib_a-gdtoa-hexnan.o)
                0x000000000800788c                __match
 .text.__hexnan
                0x00000000080078b4      0x120 /home/tantatorn/.eclipse/com.st.stm32cube.ide.mcu.rcp.product_1.3.0_1935175002_linux_gtk_x86_64/plugins/com.st.stm32cube.ide.mcu.externaltools.gnu-tools-for-stm32.7-2018-q2-update.linux64_1.4.0.202007081208/tools/bin/../lib/gcc/arm-none-eabi/7.3.1/../../../../arm-none-eabi/lib/thumb/v7e-m/fpv5/hard/libc_nano.a(lib_a-gdtoa-hexnan.o)
                0x00000000080078b4                __hexnan
 .text.__locale_ctype_ptr_l
                0x00000000080079d4        0x6 /home/tantatorn/.eclipse/com.st.stm32cube.ide.mcu.rcp.product_1.3.0_1935175002_linux_gtk_x86_64/plugins/com.st.stm32cube.ide.mcu.externaltools.gnu-tools-for-stm32.7-2018-q2-update.linux64_1.4.0.202007081208/tools/bin/../lib/gcc/arm-none-eabi/7.3.1/../../../../arm-none-eabi/lib/thumb/v7e-m/fpv5/hard/libc_nano.a(lib_a-locale.o)
                0x00000000080079d4                __locale_ctype_ptr_l
 .text.__localeconv_l
                0x00000000080079da        0x4 /home/tantatorn/.eclipse/com.st.stm32cube.ide.mcu.rcp.product_1.3.0_1935175002_linux_gtk_x86_64/plugins/com.st.stm32cube.ide.mcu.externaltools.gnu-tools-for-stm32.7-2018-q2-update.linux64_1.4.0.202007081208/tools/bin/../lib/gcc/arm-none-eabi/7.3.1/../../../../arm-none-eabi/lib/thumb/v7e-m/fpv5/hard/libc_nano.a(lib_a-localeconv.o)
                0x00000000080079da                __localeconv_l
 *fill*         0x00000000080079de        0x2 
 .text._localeconv_r
                0x00000000080079e0       0x1c /home/tantatorn/.eclipse/com.st.stm32cube.ide.mcu.rcp.product_1.3.0_1935175002_linux_gtk_x86_64/plugins/com.st.stm32cube.ide.mcu.externaltools.gnu-tools-for-stm32.7-2018-q2-update.linux64_1.4.0.202007081208/tools/bin/../lib/gcc/arm-none-eabi/7.3.1/../../../../arm-none-eabi/lib/thumb/v7e-m/fpv5/hard/libc_nano.a(lib_a-localeconv.o)
                0x00000000080079e0                _localeconv_r
 .text.malloc   0x00000000080079fc       0x10 /home/tantatorn/.eclipse/com.st.stm32cube.ide.mcu.rcp.product_1.3.0_1935175002_linux_gtk_x86_64/plugins/com.st.stm32cube.ide.mcu.externaltools.gnu-tools-for-stm32.7-2018-q2-update.linux64_1.4.0.202007081208/tools/bin/../lib/gcc/arm-none-eabi/7.3.1/../../../../arm-none-eabi/lib/thumb/v7e-m/fpv5/hard/libc_nano.a(lib_a-malloc.o)
                0x00000000080079fc                malloc
 .text.__ascii_mbtowc
                0x0000000008007a0c       0x24 /home/tantatorn/.eclipse/com.st.stm32cube.ide.mcu.rcp.product_1.3.0_1935175002_linux_gtk_x86_64/plugins/com.st.stm32cube.ide.mcu.externaltools.gnu-tools-for-stm32.7-2018-q2-update.linux64_1.4.0.202007081208/tools/bin/../lib/gcc/arm-none-eabi/7.3.1/../../../../arm-none-eabi/lib/thumb/v7e-m/fpv5/hard/libc_nano.a(lib_a-mbtowc_r.o)
                0x0000000008007a0c                __ascii_mbtowc
 .text.memcpy   0x0000000008007a30       0x16 /home/tantatorn/.eclipse/com.st.stm32cube.ide.mcu.rcp.product_1.3.0_1935175002_linux_gtk_x86_64/plugins/com.st.stm32cube.ide.mcu.externaltools.gnu-tools-for-stm32.7-2018-q2-update.linux64_1.4.0.202007081208/tools/bin/../lib/gcc/arm-none-eabi/7.3.1/../../../../arm-none-eabi/lib/thumb/v7e-m/fpv5/hard/libc_nano.a(lib_a-memcpy-stub.o)
                0x0000000008007a30                memcpy
 .text._Balloc  0x0000000008007a46       0x68 /home/tantatorn/.eclipse/com.st.stm32cube.ide.mcu.rcp.product_1.3.0_1935175002_linux_gtk_x86_64/plugins/com.st.stm32cube.ide.mcu.externaltools.gnu-tools-for-stm32.7-2018-q2-update.linux64_1.4.0.202007081208/tools/bin/../lib/gcc/arm-none-eabi/7.3.1/../../../../arm-none-eabi/lib/thumb/v7e-m/fpv5/hard/libc_nano.a(lib_a-mprec.o)
                0x0000000008007a46                _Balloc
 .text._Bfree   0x0000000008007aae       0x2e /home/tantatorn/.eclipse/com.st.stm32cube.ide.mcu.rcp.product_1.3.0_1935175002_linux_gtk_x86_64/plugins/com.st.stm32cube.ide.mcu.externaltools.gnu-tools-for-stm32.7-2018-q2-update.linux64_1.4.0.202007081208/tools/bin/../lib/gcc/arm-none-eabi/7.3.1/../../../../arm-none-eabi/lib/thumb/v7e-m/fpv5/hard/libc_nano.a(lib_a-mprec.o)
                0x0000000008007aae                _Bfree
 .text.__multadd
                0x0000000008007adc       0x76 /home/tantatorn/.eclipse/com.st.stm32cube.ide.mcu.rcp.product_1.3.0_1935175002_linux_gtk_x86_64/plugins/com.st.stm32cube.ide.mcu.externaltools.gnu-tools-for-stm32.7-2018-q2-update.linux64_1.4.0.202007081208/tools/bin/../lib/gcc/arm-none-eabi/7.3.1/../../../../arm-none-eabi/lib/thumb/v7e-m/fpv5/hard/libc_nano.a(lib_a-mprec.o)
                0x0000000008007adc                __multadd
 .text.__s2b    0x0000000008007b52       0x7c /home/tantatorn/.eclipse/com.st.stm32cube.ide.mcu.rcp.product_1.3.0_1935175002_linux_gtk_x86_64/plugins/com.st.stm32cube.ide.mcu.externaltools.gnu-tools-for-stm32.7-2018-q2-update.linux64_1.4.0.202007081208/tools/bin/../lib/gcc/arm-none-eabi/7.3.1/../../../../arm-none-eabi/lib/thumb/v7e-m/fpv5/hard/libc_nano.a(lib_a-mprec.o)
                0x0000000008007b52                __s2b
 .text.__hi0bits
                0x0000000008007bce       0x3e /home/tantatorn/.eclipse/com.st.stm32cube.ide.mcu.rcp.product_1.3.0_1935175002_linux_gtk_x86_64/plugins/com.st.stm32cube.ide.mcu.externaltools.gnu-tools-for-stm32.7-2018-q2-update.linux64_1.4.0.202007081208/tools/bin/../lib/gcc/arm-none-eabi/7.3.1/../../../../arm-none-eabi/lib/thumb/v7e-m/fpv5/hard/libc_nano.a(lib_a-mprec.o)
                0x0000000008007bce                __hi0bits
 .text.__lo0bits
                0x0000000008007c0c       0x5e /home/tantatorn/.eclipse/com.st.stm32cube.ide.mcu.rcp.product_1.3.0_1935175002_linux_gtk_x86_64/plugins/com.st.stm32cube.ide.mcu.externaltools.gnu-tools-for-stm32.7-2018-q2-update.linux64_1.4.0.202007081208/tools/bin/../lib/gcc/arm-none-eabi/7.3.1/../../../../arm-none-eabi/lib/thumb/v7e-m/fpv5/hard/libc_nano.a(lib_a-mprec.o)
                0x0000000008007c0c                __lo0bits
 .text.__i2b    0x0000000008007c6a       0x12 /home/tantatorn/.eclipse/com.st.stm32cube.ide.mcu.rcp.product_1.3.0_1935175002_linux_gtk_x86_64/plugins/com.st.stm32cube.ide.mcu.externaltools.gnu-tools-for-stm32.7-2018-q2-update.linux64_1.4.0.202007081208/tools/bin/../lib/gcc/arm-none-eabi/7.3.1/../../../../arm-none-eabi/lib/thumb/v7e-m/fpv5/hard/libc_nano.a(lib_a-mprec.o)
                0x0000000008007c6a                __i2b
 .text.__multiply
                0x0000000008007c7c      0x12c /home/tantatorn/.eclipse/com.st.stm32cube.ide.mcu.rcp.product_1.3.0_1935175002_linux_gtk_x86_64/plugins/com.st.stm32cube.ide.mcu.externaltools.gnu-tools-for-stm32.7-2018-q2-update.linux64_1.4.0.202007081208/tools/bin/../lib/gcc/arm-none-eabi/7.3.1/../../../../arm-none-eabi/lib/thumb/v7e-m/fpv5/hard/libc_nano.a(lib_a-mprec.o)
                0x0000000008007c7c                __multiply
 .text.__pow5mult
                0x0000000008007da8       0x9c /home/tantatorn/.eclipse/com.st.stm32cube.ide.mcu.rcp.product_1.3.0_1935175002_linux_gtk_x86_64/plugins/com.st.stm32cube.ide.mcu.externaltools.gnu-tools-for-stm32.7-2018-q2-update.linux64_1.4.0.202007081208/tools/bin/../lib/gcc/arm-none-eabi/7.3.1/../../../../arm-none-eabi/lib/thumb/v7e-m/fpv5/hard/libc_nano.a(lib_a-mprec.o)
                0x0000000008007da8                __pow5mult
 .text.__lshift
                0x0000000008007e44       0xa8 /home/tantatorn/.eclipse/com.st.stm32cube.ide.mcu.rcp.product_1.3.0_1935175002_linux_gtk_x86_64/plugins/com.st.stm32cube.ide.mcu.externaltools.gnu-tools-for-stm32.7-2018-q2-update.linux64_1.4.0.202007081208/tools/bin/../lib/gcc/arm-none-eabi/7.3.1/../../../../arm-none-eabi/lib/thumb/v7e-m/fpv5/hard/libc_nano.a(lib_a-mprec.o)
                0x0000000008007e44                __lshift
 .text.__mcmp   0x0000000008007eec       0x34 /home/tantatorn/.eclipse/com.st.stm32cube.ide.mcu.rcp.product_1.3.0_1935175002_linux_gtk_x86_64/plugins/com.st.stm32cube.ide.mcu.externaltools.gnu-tools-for-stm32.7-2018-q2-update.linux64_1.4.0.202007081208/tools/bin/../lib/gcc/arm-none-eabi/7.3.1/../../../../arm-none-eabi/lib/thumb/v7e-m/fpv5/hard/libc_nano.a(lib_a-mprec.o)
                0x0000000008007eec                __mcmp
 .text.__mdiff  0x0000000008007f20       0xba /home/tantatorn/.eclipse/com.st.stm32cube.ide.mcu.rcp.product_1.3.0_1935175002_linux_gtk_x86_64/plugins/com.st.stm32cube.ide.mcu.externaltools.gnu-tools-for-stm32.7-2018-q2-update.linux64_1.4.0.202007081208/tools/bin/../lib/gcc/arm-none-eabi/7.3.1/../../../../arm-none-eabi/lib/thumb/v7e-m/fpv5/hard/libc_nano.a(lib_a-mprec.o)
                0x0000000008007f20                __mdiff
 *fill*         0x0000000008007fda        0x2 
 .text.__ulp    0x0000000008007fdc       0x50 /home/tantatorn/.eclipse/com.st.stm32cube.ide.mcu.rcp.product_1.3.0_1935175002_linux_gtk_x86_64/plugins/com.st.stm32cube.ide.mcu.externaltools.gnu-tools-for-stm32.7-2018-q2-update.linux64_1.4.0.202007081208/tools/bin/../lib/gcc/arm-none-eabi/7.3.1/../../../../arm-none-eabi/lib/thumb/v7e-m/fpv5/hard/libc_nano.a(lib_a-mprec.o)
                0x0000000008007fdc                __ulp
 .text.__b2d    0x000000000800802c       0x9c /home/tantatorn/.eclipse/com.st.stm32cube.ide.mcu.rcp.product_1.3.0_1935175002_linux_gtk_x86_64/plugins/com.st.stm32cube.ide.mcu.externaltools.gnu-tools-for-stm32.7-2018-q2-update.linux64_1.4.0.202007081208/tools/bin/../lib/gcc/arm-none-eabi/7.3.1/../../../../arm-none-eabi/lib/thumb/v7e-m/fpv5/hard/libc_nano.a(lib_a-mprec.o)
                0x000000000800802c                __b2d
 .text.__d2b    0x00000000080080c8       0x9e /home/tantatorn/.eclipse/com.st.stm32cube.ide.mcu.rcp.product_1.3.0_1935175002_linux_gtk_x86_64/plugins/com.st.stm32cube.ide.mcu.externaltools.gnu-tools-for-stm32.7-2018-q2-update.linux64_1.4.0.202007081208/tools/bin/../lib/gcc/arm-none-eabi/7.3.1/../../../../arm-none-eabi/lib/thumb/v7e-m/fpv5/hard/libc_nano.a(lib_a-mprec.o)
                0x00000000080080c8                __d2b
 .text.__ratio  0x0000000008008166       0x68 /home/tantatorn/.eclipse/com.st.stm32cube.ide.mcu.rcp.product_1.3.0_1935175002_linux_gtk_x86_64/plugins/com.st.stm32cube.ide.mcu.externaltools.gnu-tools-for-stm32.7-2018-q2-update.linux64_1.4.0.202007081208/tools/bin/../lib/gcc/arm-none-eabi/7.3.1/../../../../arm-none-eabi/lib/thumb/v7e-m/fpv5/hard/libc_nano.a(lib_a-mprec.o)
                0x0000000008008166                __ratio
 .text.__copybits
                0x00000000080081ce       0x34 /home/tantatorn/.eclipse/com.st.stm32cube.ide.mcu.rcp.product_1.3.0_1935175002_linux_gtk_x86_64/plugins/com.st.stm32cube.ide.mcu.externaltools.gnu-tools-for-stm32.7-2018-q2-update.linux64_1.4.0.202007081208/tools/bin/../lib/gcc/arm-none-eabi/7.3.1/../../../../arm-none-eabi/lib/thumb/v7e-m/fpv5/hard/libc_nano.a(lib_a-mprec.o)
                0x00000000080081ce                __copybits
 .text.__any_on
                0x0000000008008202       0x42 /home/tantatorn/.eclipse/com.st.stm32cube.ide.mcu.rcp.product_1.3.0_1935175002_linux_gtk_x86_64/plugins/com.st.stm32cube.ide.mcu.externaltools.gnu-tools-for-stm32.7-2018-q2-update.linux64_1.4.0.202007081208/tools/bin/../lib/gcc/arm-none-eabi/7.3.1/../../../../arm-none-eabi/lib/thumb/v7e-m/fpv5/hard/libc_nano.a(lib_a-mprec.o)
                0x0000000008008202                __any_on
 .text._calloc_r
                0x0000000008008244       0x1c /home/tantatorn/.eclipse/com.st.stm32cube.ide.mcu.rcp.product_1.3.0_1935175002_linux_gtk_x86_64/plugins/com.st.stm32cube.ide.mcu.externaltools.gnu-tools-for-stm32.7-2018-q2-update.linux64_1.4.0.202007081208/tools/bin/../lib/gcc/arm-none-eabi/7.3.1/../../../../arm-none-eabi/lib/thumb/v7e-m/fpv5/hard/libc_nano.a(lib_a-nano-callocr.o)
                0x0000000008008244                _calloc_r
 .text._free_r  0x0000000008008260       0x9c /home/tantatorn/.eclipse/com.st.stm32cube.ide.mcu.rcp.product_1.3.0_1935175002_linux_gtk_x86_64/plugins/com.st.stm32cube.ide.mcu.externaltools.gnu-tools-for-stm32.7-2018-q2-update.linux64_1.4.0.202007081208/tools/bin/../lib/gcc/arm-none-eabi/7.3.1/../../../../arm-none-eabi/lib/thumb/v7e-m/fpv5/hard/libc_nano.a(lib_a-nano-freer.o)
                0x0000000008008260                _free_r
 .text._malloc_r
                0x00000000080082fc       0xb4 /home/tantatorn/.eclipse/com.st.stm32cube.ide.mcu.rcp.product_1.3.0_1935175002_linux_gtk_x86_64/plugins/com.st.stm32cube.ide.mcu.externaltools.gnu-tools-for-stm32.7-2018-q2-update.linux64_1.4.0.202007081208/tools/bin/../lib/gcc/arm-none-eabi/7.3.1/../../../../arm-none-eabi/lib/thumb/v7e-m/fpv5/hard/libc_nano.a(lib_a-nano-mallocr.o)
                0x00000000080082fc                _malloc_r
 .text.__ssputs_r
                0x00000000080083b0       0xb4 /home/tantatorn/.eclipse/com.st.stm32cube.ide.mcu.rcp.product_1.3.0_1935175002_linux_gtk_x86_64/plugins/com.st.stm32cube.ide.mcu.externaltools.gnu-tools-for-stm32.7-2018-q2-update.linux64_1.4.0.202007081208/tools/bin/../lib/gcc/arm-none-eabi/7.3.1/../../../../arm-none-eabi/lib/thumb/v7e-m/fpv5/hard/libc_nano.a(lib_a-nano-svfprintf.o)
                0x00000000080083b0                __ssputs_r
 .text._svfprintf_r
                0x0000000008008464      0x1f0 /home/tantatorn/.eclipse/com.st.stm32cube.ide.mcu.rcp.product_1.3.0_1935175002_linux_gtk_x86_64/plugins/com.st.stm32cube.ide.mcu.externaltools.gnu-tools-for-stm32.7-2018-q2-update.linux64_1.4.0.202007081208/tools/bin/../lib/gcc/arm-none-eabi/7.3.1/../../../../arm-none-eabi/lib/thumb/v7e-m/fpv5/hard/libc_nano.a(lib_a-nano-svfprintf.o)
                0x0000000008008464                _svfprintf_r
                0x0000000008008464                _svfiprintf_r
 .text._sbrk_r  0x0000000008008654       0x20 /home/tantatorn/.eclipse/com.st.stm32cube.ide.mcu.rcp.product_1.3.0_1935175002_linux_gtk_x86_64/plugins/com.st.stm32cube.ide.mcu.externaltools.gnu-tools-for-stm32.7-2018-q2-update.linux64_1.4.0.202007081208/tools/bin/../lib/gcc/arm-none-eabi/7.3.1/../../../../arm-none-eabi/lib/thumb/v7e-m/fpv5/hard/libc_nano.a(lib_a-sbrkr.o)
                0x0000000008008654                _sbrk_r
 .text.strncmp  0x0000000008008674       0x24 /home/tantatorn/.eclipse/com.st.stm32cube.ide.mcu.rcp.product_1.3.0_1935175002_linux_gtk_x86_64/plugins/com.st.stm32cube.ide.mcu.externaltools.gnu-tools-for-stm32.7-2018-q2-update.linux64_1.4.0.202007081208/tools/bin/../lib/gcc/arm-none-eabi/7.3.1/../../../../arm-none-eabi/lib/thumb/v7e-m/fpv5/hard/libc_nano.a(lib_a-strncmp.o)
                0x0000000008008674                strncmp
 .text.__ascii_wctomb
                0x0000000008008698       0x1a /home/tantatorn/.eclipse/com.st.stm32cube.ide.mcu.rcp.product_1.3.0_1935175002_linux_gtk_x86_64/plugins/com.st.stm32cube.ide.mcu.externaltools.gnu-tools-for-stm32.7-2018-q2-update.linux64_1.4.0.202007081208/tools/bin/../lib/gcc/arm-none-eabi/7.3.1/../../../../arm-none-eabi/lib/thumb/v7e-m/fpv5/hard/libc_nano.a(lib_a-wctomb_r.o)
                0x0000000008008698                __ascii_wctomb
 .text.memmove  0x00000000080086b2       0x32 /home/tantatorn/.eclipse/com.st.stm32cube.ide.mcu.rcp.product_1.3.0_1935175002_linux_gtk_x86_64/plugins/com.st.stm32cube.ide.mcu.externaltools.gnu-tools-for-stm32.7-2018-q2-update.linux64_1.4.0.202007081208/tools/bin/../lib/gcc/arm-none-eabi/7.3.1/../../../../arm-none-eabi/lib/thumb/v7e-m/fpv5/hard/libc_nano.a(lib_a-memmove.o)
                0x00000000080086b2                memmove
 .text.__malloc_lock
                0x00000000080086e4        0x2 /home/tantatorn/.eclipse/com.st.stm32cube.ide.mcu.rcp.product_1.3.0_1935175002_linux_gtk_x86_64/plugins/com.st.stm32cube.ide.mcu.externaltools.gnu-tools-for-stm32.7-2018-q2-update.linux64_1.4.0.202007081208/tools/bin/../lib/gcc/arm-none-eabi/7.3.1/../../../../arm-none-eabi/lib/thumb/v7e-m/fpv5/hard/libc_nano.a(lib_a-mlock.o)
                0x00000000080086e4                __malloc_lock
 .text.__malloc_unlock
                0x00000000080086e6        0x2 /home/tantatorn/.eclipse/com.st.stm32cube.ide.mcu.rcp.product_1.3.0_1935175002_linux_gtk_x86_64/plugins/com.st.stm32cube.ide.mcu.externaltools.gnu-tools-for-stm32.7-2018-q2-update.linux64_1.4.0.202007081208/tools/bin/../lib/gcc/arm-none-eabi/7.3.1/../../../../arm-none-eabi/lib/thumb/v7e-m/fpv5/hard/libc_nano.a(lib_a-mlock.o)
                0x00000000080086e6                __malloc_unlock
 .text._realloc_r
                0x00000000080086e8       0x4c /home/tantatorn/.eclipse/com.st.stm32cube.ide.mcu.rcp.product_1.3.0_1935175002_linux_gtk_x86_64/plugins/com.st.stm32cube.ide.mcu.externaltools.gnu-tools-for-stm32.7-2018-q2-update.linux64_1.4.0.202007081208/tools/bin/../lib/gcc/arm-none-eabi/7.3.1/../../../../arm-none-eabi/lib/thumb/v7e-m/fpv5/hard/libc_nano.a(lib_a-nano-reallocr.o)
                0x00000000080086e8                _realloc_r
 .text._malloc_usable_size_r
                0x0000000008008734       0x10 /home/tantatorn/.eclipse/com.st.stm32cube.ide.mcu.rcp.product_1.3.0_1935175002_linux_gtk_x86_64/plugins/com.st.stm32cube.ide.mcu.externaltools.gnu-tools-for-stm32.7-2018-q2-update.linux64_1.4.0.202007081208/tools/bin/../lib/gcc/arm-none-eabi/7.3.1/../../../../arm-none-eabi/lib/thumb/v7e-m/fpv5/hard/libc_nano.a(lib_a-nano-msizer.o)
                0x0000000008008734                _malloc_usable_size_r
 *(.glue_7)
 .glue_7        0x0000000008008744        0x0 linker stubs
 *(.glue_7t)
 .glue_7t       0x0000000008008744        0x0 linker stubs
 *(.eh_frame)
 .eh_frame      0x0000000008008744        0x0 /home/tantatorn/.eclipse/com.st.stm32cube.ide.mcu.rcp.product_1.3.0_1935175002_linux_gtk_x86_64/plugins/com.st.stm32cube.ide.mcu.externaltools.gnu-tools-for-stm32.7-2018-q2-update.linux64_1.4.0.202007081208/tools/bin/../lib/gcc/arm-none-eabi/7.3.1/thumb/v7e-m/fpv5/hard/crtbegin.o
 *(.init)
 .init          0x0000000008008744        0x4 /home/tantatorn/.eclipse/com.st.stm32cube.ide.mcu.rcp.product_1.3.0_1935175002_linux_gtk_x86_64/plugins/com.st.stm32cube.ide.mcu.externaltools.gnu-tools-for-stm32.7-2018-q2-update.linux64_1.4.0.202007081208/tools/bin/../lib/gcc/arm-none-eabi/7.3.1/thumb/v7e-m/fpv5/hard/crti.o
                0x0000000008008744                _init
 .init          0x0000000008008748        0x8 /home/tantatorn/.eclipse/com.st.stm32cube.ide.mcu.rcp.product_1.3.0_1935175002_linux_gtk_x86_64/plugins/com.st.stm32cube.ide.mcu.externaltools.gnu-tools-for-stm32.7-2018-q2-update.linux64_1.4.0.202007081208/tools/bin/../lib/gcc/arm-none-eabi/7.3.1/thumb/v7e-m/fpv5/hard/crtn.o
 *(.fini)
 .fini          0x0000000008008750        0x4 /home/tantatorn/.eclipse/com.st.stm32cube.ide.mcu.rcp.product_1.3.0_1935175002_linux_gtk_x86_64/plugins/com.st.stm32cube.ide.mcu.externaltools.gnu-tools-for-stm32.7-2018-q2-update.linux64_1.4.0.202007081208/tools/bin/../lib/gcc/arm-none-eabi/7.3.1/thumb/v7e-m/fpv5/hard/crti.o
                0x0000000008008750                _fini
 .fini          0x0000000008008754        0x8 /home/tantatorn/.eclipse/com.st.stm32cube.ide.mcu.rcp.product_1.3.0_1935175002_linux_gtk_x86_64/plugins/com.st.stm32cube.ide.mcu.externaltools.gnu-tools-for-stm32.7-2018-q2-update.linux64_1.4.0.202007081208/tools/bin/../lib/gcc/arm-none-eabi/7.3.1/thumb/v7e-m/fpv5/hard/crtn.o
                0x000000000800875c                . = ALIGN (0x4)
                0x000000000800875c                _etext = .

.vfp11_veneer   0x000000000800875c        0x0
 .vfp11_veneer  0x000000000800875c        0x0 linker stubs

.v4_bx          0x000000000800875c        0x0
 .v4_bx         0x000000000800875c        0x0 linker stubs

.iplt           0x000000000800875c        0x0
 .iplt          0x000000000800875c        0x0 /home/tantatorn/.eclipse/com.st.stm32cube.ide.mcu.rcp.product_1.3.0_1935175002_linux_gtk_x86_64/plugins/com.st.stm32cube.ide.mcu.externaltools.gnu-tools-for-stm32.7-2018-q2-update.linux64_1.4.0.202007081208/tools/bin/../lib/gcc/arm-none-eabi/7.3.1/thumb/v7e-m/fpv5/hard/crtbegin.o

.rodata         0x0000000008008760      0x518
                0x0000000008008760                . = ALIGN (0x4)
 *(.rodata)
 .rodata        0x0000000008008760        0x5 Core/Src/gui.o
 *(.rodata*)
 *fill*         0x0000000008008765        0x3 
 .rodata.AHBPrescTable
                0x0000000008008768       0x10 Core/Src/system_stm32f7xx.o
                0x0000000008008768                AHBPrescTable
 .rodata.APBPrescTable
                0x0000000008008778        0x8 Core/Src/system_stm32f7xx.o
                0x0000000008008778                APBPrescTable
 .rodata.font   0x0000000008008780      0x240 ILI9341/ILI9341_GFX.o
 .rodata._printf_float.str1.1
                0x00000000080089c0       0x12 /home/tantatorn/.eclipse/com.st.stm32cube.ide.mcu.rcp.product_1.3.0_1935175002_linux_gtk_x86_64/plugins/com.st.stm32cube.ide.mcu.externaltools.gnu-tools-for-stm32.7-2018-q2-update.linux64_1.4.0.202007081208/tools/bin/../lib/gcc/arm-none-eabi/7.3.1/../../../../arm-none-eabi/lib/thumb/v7e-m/fpv5/hard/libc_nano.a(lib_a-nano-vfprintf_float.o)
 .rodata._printf_i.str1.1
                0x00000000080089d2       0x22 /home/tantatorn/.eclipse/com.st.stm32cube.ide.mcu.rcp.product_1.3.0_1935175002_linux_gtk_x86_64/plugins/com.st.stm32cube.ide.mcu.externaltools.gnu-tools-for-stm32.7-2018-q2-update.linux64_1.4.0.202007081208/tools/bin/../lib/gcc/arm-none-eabi/7.3.1/../../../../arm-none-eabi/lib/thumb/v7e-m/fpv5/hard/libc_nano.a(lib_a-nano-vfprintf_i.o)
 .rodata._scanf_float.str1.1
                0x00000000080089f4        0x5 /home/tantatorn/.eclipse/com.st.stm32cube.ide.mcu.rcp.product_1.3.0_1935175002_linux_gtk_x86_64/plugins/com.st.stm32cube.ide.mcu.externaltools.gnu-tools-for-stm32.7-2018-q2-update.linux64_1.4.0.202007081208/tools/bin/../lib/gcc/arm-none-eabi/7.3.1/../../../../arm-none-eabi/lib/thumb/v7e-m/fpv5/hard/libc_nano.a(lib_a-nano-vfscanf_float.o)
 .rodata._strtod_l.str1.1
                0x00000000080089f9        0x5 /home/tantatorn/.eclipse/com.st.stm32cube.ide.mcu.rcp.product_1.3.0_1935175002_linux_gtk_x86_64/plugins/com.st.stm32cube.ide.mcu.externaltools.gnu-tools-for-stm32.7-2018-q2-update.linux64_1.4.0.202007081208/tools/bin/../lib/gcc/arm-none-eabi/7.3.1/../../../../arm-none-eabi/lib/thumb/v7e-m/fpv5/hard/libc_nano.a(lib_a-strtod.o)
                                          0xc (size before relaxing)
 *fill*         0x00000000080089f9        0x3 
 .rodata.fpi.7435
                0x00000000080089fc       0x14 /home/tantatorn/.eclipse/com.st.stm32cube.ide.mcu.rcp.product_1.3.0_1935175002_linux_gtk_x86_64/plugins/com.st.stm32cube.ide.mcu.externaltools.gnu-tools-for-stm32.7-2018-q2-update.linux64_1.4.0.202007081208/tools/bin/../lib/gcc/arm-none-eabi/7.3.1/../../../../arm-none-eabi/lib/thumb/v7e-m/fpv5/hard/libc_nano.a(lib_a-strtod.o)
 .rodata.fpinan.7471
                0x0000000008008a10       0x14 /home/tantatorn/.eclipse/com.st.stm32cube.ide.mcu.rcp.product_1.3.0_1935175002_linux_gtk_x86_64/plugins/com.st.stm32cube.ide.mcu.externaltools.gnu-tools-for-stm32.7-2018-q2-update.linux64_1.4.0.202007081208/tools/bin/../lib/gcc/arm-none-eabi/7.3.1/../../../../arm-none-eabi/lib/thumb/v7e-m/fpv5/hard/libc_nano.a(lib_a-strtod.o)
 *fill*         0x0000000008008a24        0x4 
 .rodata.tinytens
                0x0000000008008a28       0x28 /home/tantatorn/.eclipse/com.st.stm32cube.ide.mcu.rcp.product_1.3.0_1935175002_linux_gtk_x86_64/plugins/com.st.stm32cube.ide.mcu.externaltools.gnu-tools-for-stm32.7-2018-q2-update.linux64_1.4.0.202007081208/tools/bin/../lib/gcc/arm-none-eabi/7.3.1/../../../../arm-none-eabi/lib/thumb/v7e-m/fpv5/hard/libc_nano.a(lib_a-strtod.o)
 .rodata._dtoa_r.str1.1
                0x0000000008008a50        0xd /home/tantatorn/.eclipse/com.st.stm32cube.ide.mcu.rcp.product_1.3.0_1935175002_linux_gtk_x86_64/plugins/com.st.stm32cube.ide.mcu.externaltools.gnu-tools-for-stm32.7-2018-q2-update.linux64_1.4.0.202007081208/tools/bin/../lib/gcc/arm-none-eabi/7.3.1/../../../../arm-none-eabi/lib/thumb/v7e-m/fpv5/hard/libc_nano.a(lib_a-dtoa.o)
                                          0xf (size before relaxing)
 .rodata._setlocale_r.str1.1
                0x0000000008008a5d        0x8 /home/tantatorn/.eclipse/com.st.stm32cube.ide.mcu.rcp.product_1.3.0_1935175002_linux_gtk_x86_64/plugins/com.st.stm32cube.ide.mcu.externaltools.gnu-tools-for-stm32.7-2018-q2-update.linux64_1.4.0.202007081208/tools/bin/../lib/gcc/arm-none-eabi/7.3.1/../../../../arm-none-eabi/lib/thumb/v7e-m/fpv5/hard/libc_nano.a(lib_a-locale.o)
                                          0x9 (size before relaxing)
 .rodata.str1.1
                0x0000000008008a65        0x2 /home/tantatorn/.eclipse/com.st.stm32cube.ide.mcu.rcp.product_1.3.0_1935175002_linux_gtk_x86_64/plugins/com.st.stm32cube.ide.mcu.externaltools.gnu-tools-for-stm32.7-2018-q2-update.linux64_1.4.0.202007081208/tools/bin/../lib/gcc/arm-none-eabi/7.3.1/../../../../arm-none-eabi/lib/thumb/v7e-m/fpv5/hard/libc_nano.a(lib_a-locale.o)
 *fill*         0x0000000008008a67        0x1 
 .rodata.__mprec_bigtens
                0x0000000008008a68       0x28 /home/tantatorn/.eclipse/com.st.stm32cube.ide.mcu.rcp.product_1.3.0_1935175002_linux_gtk_x86_64/plugins/com.st.stm32cube.ide.mcu.externaltools.gnu-tools-for-stm32.7-2018-q2-update.linux64_1.4.0.202007081208/tools/bin/../lib/gcc/arm-none-eabi/7.3.1/../../../../arm-none-eabi/lib/thumb/v7e-m/fpv5/hard/libc_nano.a(lib_a-mprec.o)
                0x0000000008008a68                __mprec_bigtens
 .rodata.__mprec_tens
                0x0000000008008a90       0xc8 /home/tantatorn/.eclipse/com.st.stm32cube.ide.mcu.rcp.product_1.3.0_1935175002_linux_gtk_x86_64/plugins/com.st.stm32cube.ide.mcu.externaltools.gnu-tools-for-stm32.7-2018-q2-update.linux64_1.4.0.202007081208/tools/bin/../lib/gcc/arm-none-eabi/7.3.1/../../../../arm-none-eabi/lib/thumb/v7e-m/fpv5/hard/libc_nano.a(lib_a-mprec.o)
                0x0000000008008a90                __mprec_tens
 .rodata.p05.7359
                0x0000000008008b58        0xc /home/tantatorn/.eclipse/com.st.stm32cube.ide.mcu.rcp.product_1.3.0_1935175002_linux_gtk_x86_64/plugins/com.st.stm32cube.ide.mcu.externaltools.gnu-tools-for-stm32.7-2018-q2-update.linux64_1.4.0.202007081208/tools/bin/../lib/gcc/arm-none-eabi/7.3.1/../../../../arm-none-eabi/lib/thumb/v7e-m/fpv5/hard/libc_nano.a(lib_a-mprec.o)
 .rodata._svfprintf_r.str1.1
                0x0000000008008b64       0x11 /home/tantatorn/.eclipse/com.st.stm32cube.ide.mcu.rcp.product_1.3.0_1935175002_linux_gtk_x86_64/plugins/com.st.stm32cube.ide.mcu.externaltools.gnu-tools-for-stm32.7-2018-q2-update.linux64_1.4.0.202007081208/tools/bin/../lib/gcc/arm-none-eabi/7.3.1/../../../../arm-none-eabi/lib/thumb/v7e-m/fpv5/hard/libc_nano.a(lib_a-nano-svfprintf.o)
 .rodata._ctype_
                0x0000000008008b75      0x101 /home/tantatorn/.eclipse/com.st.stm32cube.ide.mcu.rcp.product_1.3.0_1935175002_linux_gtk_x86_64/plugins/com.st.stm32cube.ide.mcu.externaltools.gnu-tools-for-stm32.7-2018-q2-update.linux64_1.4.0.202007081208/tools/bin/../lib/gcc/arm-none-eabi/7.3.1/../../../../arm-none-eabi/lib/thumb/v7e-m/fpv5/hard/libc_nano.a(lib_a-ctype_.o)
                0x0000000008008b75                _ctype_
                0x0000000008008c78                . = ALIGN (0x4)
 *fill*         0x0000000008008c76        0x2 

.ARM.extab      0x0000000008008c78        0x0
                0x0000000008008c78                . = ALIGN (0x4)
 *(.ARM.extab* .gnu.linkonce.armextab.*)
                0x0000000008008c78                . = ALIGN (0x4)

.ARM            0x0000000008008c78        0x8
                0x0000000008008c78                . = ALIGN (0x4)
                0x0000000008008c78                __exidx_start = .
 *(.ARM.exidx*)
 .ARM.exidx     0x0000000008008c78        0x8 /home/tantatorn/.eclipse/com.st.stm32cube.ide.mcu.rcp.product_1.3.0_1935175002_linux_gtk_x86_64/plugins/com.st.stm32cube.ide.mcu.externaltools.gnu-tools-for-stm32.7-2018-q2-update.linux64_1.4.0.202007081208/tools/bin/../lib/gcc/arm-none-eabi/7.3.1/thumb/v7e-m/fpv5/hard/libgcc.a(_udivmoddi4.o)
                0x0000000008008c80                __exidx_end = .
                0x0000000008008c80                . = ALIGN (0x4)

.rel.dyn        0x0000000008008c80        0x0
 .rel.iplt      0x0000000008008c80        0x0 /home/tantatorn/.eclipse/com.st.stm32cube.ide.mcu.rcp.product_1.3.0_1935175002_linux_gtk_x86_64/plugins/com.st.stm32cube.ide.mcu.externaltools.gnu-tools-for-stm32.7-2018-q2-update.linux64_1.4.0.202007081208/tools/bin/../lib/gcc/arm-none-eabi/7.3.1/thumb/v7e-m/fpv5/hard/crtbegin.o

.preinit_array  0x0000000008008c80        0x0
                0x0000000008008c80                . = ALIGN (0x4)
                0x0000000008008c80                PROVIDE (__preinit_array_start = .)
 *(.preinit_array*)
                0x0000000008008c80                PROVIDE (__preinit_array_end = .)
                0x0000000008008c80                . = ALIGN (0x4)

.init_array     0x0000000008008c80        0x4
                0x0000000008008c80                . = ALIGN (0x4)
                0x0000000008008c80                PROVIDE (__init_array_start = .)
 *(SORT_BY_NAME(.init_array.*))
 *(.init_array*)
 .init_array    0x0000000008008c80        0x4 /home/tantatorn/.eclipse/com.st.stm32cube.ide.mcu.rcp.product_1.3.0_1935175002_linux_gtk_x86_64/plugins/com.st.stm32cube.ide.mcu.externaltools.gnu-tools-for-stm32.7-2018-q2-update.linux64_1.4.0.202007081208/tools/bin/../lib/gcc/arm-none-eabi/7.3.1/thumb/v7e-m/fpv5/hard/crtbegin.o
                0x0000000008008c84                PROVIDE (__init_array_end = .)
                0x0000000008008c84                . = ALIGN (0x4)

.fini_array     0x0000000008008c84        0x4
                0x0000000008008c84                . = ALIGN (0x4)
                [!provide]                        PROVIDE (__fini_array_start = .)
 *(SORT_BY_NAME(.fini_array.*))
 *(.fini_array*)
 .fini_array    0x0000000008008c84        0x4 /home/tantatorn/.eclipse/com.st.stm32cube.ide.mcu.rcp.product_1.3.0_1935175002_linux_gtk_x86_64/plugins/com.st.stm32cube.ide.mcu.externaltools.gnu-tools-for-stm32.7-2018-q2-update.linux64_1.4.0.202007081208/tools/bin/../lib/gcc/arm-none-eabi/7.3.1/thumb/v7e-m/fpv5/hard/crtbegin.o
                [!provide]                        PROVIDE (__fini_array_end = .)
                0x0000000008008c88                . = ALIGN (0x4)
                0x0000000008008c88                _sidata = LOADADDR (.data)

.data           0x0000000020000000      0x1e0 load address 0x0000000008008c88
                0x0000000020000000                . = ALIGN (0x4)
                0x0000000020000000                _sdata = .
 *(.data)
 *(.data*)
 .data.SystemCoreClock
                0x0000000020000000        0x4 Core/Src/system_stm32f7xx.o
                0x0000000020000000                SystemCoreClock
 .data.uwTickPrio
                0x0000000020000004        0x4 Drivers/STM32F7xx_HAL_Driver/Src/stm32f7xx_hal.o
                0x0000000020000004                uwTickPrio
 .data.uwTickFreq
                0x0000000020000008        0x1 Drivers/STM32F7xx_HAL_Driver/Src/stm32f7xx_hal.o
                0x0000000020000008                uwTickFreq
 *fill*         0x0000000020000009        0x1 
 .data.LCD_HEIGHT
                0x000000002000000a        0x2 ILI9341/ILI9341_STM32_Driver.o
                0x000000002000000a                LCD_HEIGHT
 .data.LCD_WIDTH
                0x000000002000000c        0x2 ILI9341/ILI9341_STM32_Driver.o
                0x000000002000000c                LCD_WIDTH
 *fill*         0x000000002000000e        0x2 
 .data._impure_ptr
                0x0000000020000010        0x4 /home/tantatorn/.eclipse/com.st.stm32cube.ide.mcu.rcp.product_1.3.0_1935175002_linux_gtk_x86_64/plugins/com.st.stm32cube.ide.mcu.externaltools.gnu-tools-for-stm32.7-2018-q2-update.linux64_1.4.0.202007081208/tools/bin/../lib/gcc/arm-none-eabi/7.3.1/../../../../arm-none-eabi/lib/thumb/v7e-m/fpv5/hard/libc_nano.a(lib_a-impure.o)
                0x0000000020000010                _impure_ptr
 .data.impure_data
                0x0000000020000014       0x60 /home/tantatorn/.eclipse/com.st.stm32cube.ide.mcu.rcp.product_1.3.0_1935175002_linux_gtk_x86_64/plugins/com.st.stm32cube.ide.mcu.externaltools.gnu-tools-for-stm32.7-2018-q2-update.linux64_1.4.0.202007081208/tools/bin/../lib/gcc/arm-none-eabi/7.3.1/../../../../arm-none-eabi/lib/thumb/v7e-m/fpv5/hard/libc_nano.a(lib_a-impure.o)
 .data.__global_locale
                0x0000000020000074      0x16c /home/tantatorn/.eclipse/com.st.stm32cube.ide.mcu.rcp.product_1.3.0_1935175002_linux_gtk_x86_64/plugins/com.st.stm32cube.ide.mcu.externaltools.gnu-tools-for-stm32.7-2018-q2-update.linux64_1.4.0.202007081208/tools/bin/../lib/gcc/arm-none-eabi/7.3.1/../../../../arm-none-eabi/lib/thumb/v7e-m/fpv5/hard/libc_nano.a(lib_a-locale.o)
                0x0000000020000074                __global_locale
                0x00000000200001e0                . = ALIGN (0x4)
                0x00000000200001e0                _edata = .

.igot.plt       0x00000000200001e0        0x0 load address 0x0000000008008e68
 .igot.plt      0x00000000200001e0        0x0 /home/tantatorn/.eclipse/com.st.stm32cube.ide.mcu.rcp.product_1.3.0_1935175002_linux_gtk_x86_64/plugins/com.st.stm32cube.ide.mcu.externaltools.gnu-tools-for-stm32.7-2018-q2-update.linux64_1.4.0.202007081208/tools/bin/../lib/gcc/arm-none-eabi/7.3.1/thumb/v7e-m/fpv5/hard/crtbegin.o
                0x00000000200001e0                . = ALIGN (0x4)

.bss            0x00000000200001e0      0x170 load address 0x0000000008008e68
                0x00000000200001e0                _sbss = .
                0x00000000200001e0                __bss_start__ = _sbss
 *(.bss)
 .bss           0x00000000200001e0       0x1c /home/tantatorn/.eclipse/com.st.stm32cube.ide.mcu.rcp.product_1.3.0_1935175002_linux_gtk_x86_64/plugins/com.st.stm32cube.ide.mcu.externaltools.gnu-tools-for-stm32.7-2018-q2-update.linux64_1.4.0.202007081208/tools/bin/../lib/gcc/arm-none-eabi/7.3.1/thumb/v7e-m/fpv5/hard/crtbegin.o
 *(.bss*)
 .bss.__sbrk_heap_end
                0x00000000200001fc        0x4 Core/Src/sysmem.o
 .bss.__malloc_free_list
                0x0000000020000200        0x4 /home/tantatorn/.eclipse/com.st.stm32cube.ide.mcu.rcp.product_1.3.0_1935175002_linux_gtk_x86_64/plugins/com.st.stm32cube.ide.mcu.externaltools.gnu-tools-for-stm32.7-2018-q2-update.linux64_1.4.0.202007081208/tools/bin/../lib/gcc/arm-none-eabi/7.3.1/../../../../arm-none-eabi/lib/thumb/v7e-m/fpv5/hard/libc_nano.a(lib_a-nano-mallocr.o)
                0x0000000020000200                __malloc_free_list
 .bss.__malloc_sbrk_start
                0x0000000020000204        0x4 /home/tantatorn/.eclipse/com.st.stm32cube.ide.mcu.rcp.product_1.3.0_1935175002_linux_gtk_x86_64/plugins/com.st.stm32cube.ide.mcu.externaltools.gnu-tools-for-stm32.7-2018-q2-update.linux64_1.4.0.202007081208/tools/bin/../lib/gcc/arm-none-eabi/7.3.1/../../../../arm-none-eabi/lib/thumb/v7e-m/fpv5/hard/libc_nano.a(lib_a-nano-mallocr.o)
                0x0000000020000204                __malloc_sbrk_start
 *(COMMON)
 COMMON         0x0000000020000208        0x9 Core/Src/gui.o
                0x0000000020000208                red_percent
                0x0000000020000209                blue_percent
                0x000000002000020c                coordinates
                0x0000000020000210                green_percent
 *fill*         0x0000000020000211        0x3 
 COMMON         0x0000000020000214       0x10 Core/Src/rng.o
                0x0000000020000214                hrng
 COMMON         0x0000000020000224       0x64 Core/Src/spi.o
                0x0000000020000224                hspi5
 COMMON         0x0000000020000288       0x40 Core/Src/tim.o
                0x0000000020000288                htim1
 COMMON         0x00000000200002c8       0x80 Core/Src/usart.o
                0x00000000200002c8                huart3
 COMMON         0x0000000020000348        0x4 Drivers/STM32F7xx_HAL_Driver/Src/stm32f7xx_hal.o
                0x0000000020000348                uwTick
 COMMON         0x000000002000034c        0x4 /home/tantatorn/.eclipse/com.st.stm32cube.ide.mcu.rcp.product_1.3.0_1935175002_linux_gtk_x86_64/plugins/com.st.stm32cube.ide.mcu.externaltools.gnu-tools-for-stm32.7-2018-q2-update.linux64_1.4.0.202007081208/tools/bin/../lib/gcc/arm-none-eabi/7.3.1/../../../../arm-none-eabi/lib/thumb/v7e-m/fpv5/hard/libc_nano.a(lib_a-reent.o)
                0x000000002000034c                errno
                0x0000000020000350                . = ALIGN (0x4)
                0x0000000020000350                _ebss = .
                0x0000000020000350                __bss_end__ = _ebss

._user_heap_stack
                0x0000000020000350      0x600 load address 0x0000000008008e68
                0x0000000020000350                . = ALIGN (0x8)
                [!provide]                        PROVIDE (end = .)
                0x0000000020000350                PROVIDE (_end = .)
                0x0000000020000550                . = (. + _Min_Heap_Size)
 *fill*         0x0000000020000350      0x200 
                0x0000000020000950                . = (. + _Min_Stack_Size)
 *fill*         0x0000000020000550      0x400 
                0x0000000020000950                . = ALIGN (0x8)

/DISCARD/
 libc.a(*)
 libm.a(*)
 libgcc.a(*)

.ARM.attributes
                0x0000000000000000       0x2e
 *(.ARM.attributes)
 .ARM.attributes
                0x0000000000000000       0x20 /home/tantatorn/.eclipse/com.st.stm32cube.ide.mcu.rcp.product_1.3.0_1935175002_linux_gtk_x86_64/plugins/com.st.stm32cube.ide.mcu.externaltools.gnu-tools-for-stm32.7-2018-q2-update.linux64_1.4.0.202007081208/tools/bin/../lib/gcc/arm-none-eabi/7.3.1/thumb/v7e-m/fpv5/hard/crti.o
 .ARM.attributes
                0x0000000000000020       0x32 /home/tantatorn/.eclipse/com.st.stm32cube.ide.mcu.rcp.product_1.3.0_1935175002_linux_gtk_x86_64/plugins/com.st.stm32cube.ide.mcu.externaltools.gnu-tools-for-stm32.7-2018-q2-update.linux64_1.4.0.202007081208/tools/bin/../lib/gcc/arm-none-eabi/7.3.1/thumb/v7e-m/fpv5/hard/crtbegin.o
 .ARM.attributes
                0x0000000000000052       0x37 Core/Src/gpio.o
 .ARM.attributes
                0x0000000000000089       0x37 Core/Src/gui.o
 .ARM.attributes
                0x00000000000000c0       0x37 Core/Src/main.o
 .ARM.attributes
                0x00000000000000f7       0x37 Core/Src/rng.o
 .ARM.attributes
                0x000000000000012e       0x37 Core/Src/spi.o
 .ARM.attributes
                0x0000000000000165       0x37 Core/Src/stm32f7xx_hal_msp.o
 .ARM.attributes
                0x000000000000019c       0x37 Core/Src/stm32f7xx_it.o
 .ARM.attributes
                0x00000000000001d3       0x37 Core/Src/sysmem.o
 .ARM.attributes
                0x000000000000020a       0x37 Core/Src/system_stm32f7xx.o
 .ARM.attributes
                0x0000000000000241       0x37 Core/Src/tim.o
 .ARM.attributes
                0x0000000000000278       0x37 Core/Src/usart.o
 .ARM.attributes
                0x00000000000002af       0x21 Core/Startup/startup_stm32f767zitx.o
 .ARM.attributes
                0x00000000000002d0       0x37 Drivers/STM32F7xx_HAL_Driver/Src/stm32f7xx_hal.o
 .ARM.attributes
                0x0000000000000307       0x37 Drivers/STM32F7xx_HAL_Driver/Src/stm32f7xx_hal_cortex.o
 .ARM.attributes
                0x000000000000033e       0x37 Drivers/STM32F7xx_HAL_Driver/Src/stm32f7xx_hal_gpio.o
 .ARM.attributes
                0x0000000000000375       0x37 Drivers/STM32F7xx_HAL_Driver/Src/stm32f7xx_hal_pwr.o
 .ARM.attributes
                0x00000000000003ac       0x37 Drivers/STM32F7xx_HAL_Driver/Src/stm32f7xx_hal_pwr_ex.o
 .ARM.attributes
                0x00000000000003e3       0x37 Drivers/STM32F7xx_HAL_Driver/Src/stm32f7xx_hal_rcc.o
 .ARM.attributes
                0x000000000000041a       0x37 Drivers/STM32F7xx_HAL_Driver/Src/stm32f7xx_hal_rcc_ex.o
 .ARM.attributes
                0x0000000000000451       0x37 Drivers/STM32F7xx_HAL_Driver/Src/stm32f7xx_hal_rng.o
 .ARM.attributes
                0x0000000000000488       0x37 Drivers/STM32F7xx_HAL_Driver/Src/stm32f7xx_hal_spi.o
 .ARM.attributes
                0x00000000000004bf       0x37 Drivers/STM32F7xx_HAL_Driver/Src/stm32f7xx_hal_tim.o
 .ARM.attributes
                0x00000000000004f6       0x37 Drivers/STM32F7xx_HAL_Driver/Src/stm32f7xx_hal_tim_ex.o
 .ARM.attributes
                0x000000000000052d       0x37 Drivers/STM32F7xx_HAL_Driver/Src/stm32f7xx_hal_uart.o
 .ARM.attributes
                0x0000000000000564       0x37 ILI9341/ILI9341_GFX.o
 .ARM.attributes
                0x000000000000059b       0x37 ILI9341/ILI9341_STM32_Driver.o
 .ARM.attributes
                0x00000000000005d2       0x37 ILI9341/ILI9341_Touchscreen.o
 .ARM.attributes
                0x0000000000000609       0x32 /home/tantatorn/.eclipse/com.st.stm32cube.ide.mcu.rcp.product_1.3.0_1935175002_linux_gtk_x86_64/plugins/com.st.stm32cube.ide.mcu.externaltools.gnu-tools-for-stm32.7-2018-q2-update.linux64_1.4.0.202007081208/tools/bin/../lib/gcc/arm-none-eabi/7.3.1/../../../../arm-none-eabi/lib/thumb/v7e-m/fpv5/hard/libc_nano.a(lib_a-errno.o)
 .ARM.attributes
                0x000000000000063b       0x32 /home/tantatorn/.eclipse/com.st.stm32cube.ide.mcu.rcp.product_1.3.0_1935175002_linux_gtk_x86_64/plugins/com.st.stm32cube.ide.mcu.externaltools.gnu-tools-for-stm32.7-2018-q2-update.linux64_1.4.0.202007081208/tools/bin/../lib/gcc/arm-none-eabi/7.3.1/../../../../arm-none-eabi/lib/thumb/v7e-m/fpv5/hard/libc_nano.a(lib_a-impure.o)
 .ARM.attributes
                0x000000000000066d       0x32 /home/tantatorn/.eclipse/com.st.stm32cube.ide.mcu.rcp.product_1.3.0_1935175002_linux_gtk_x86_64/plugins/com.st.stm32cube.ide.mcu.externaltools.gnu-tools-for-stm32.7-2018-q2-update.linux64_1.4.0.202007081208/tools/bin/../lib/gcc/arm-none-eabi/7.3.1/../../../../arm-none-eabi/lib/thumb/v7e-m/fpv5/hard/libc_nano.a(lib_a-init.o)
 .ARM.attributes
                0x000000000000069f       0x32 /home/tantatorn/.eclipse/com.st.stm32cube.ide.mcu.rcp.product_1.3.0_1935175002_linux_gtk_x86_64/plugins/com.st.stm32cube.ide.mcu.externaltools.gnu-tools-for-stm32.7-2018-q2-update.linux64_1.4.0.202007081208/tools/bin/../lib/gcc/arm-none-eabi/7.3.1/../../../../arm-none-eabi/lib/thumb/v7e-m/fpv5/hard/libc_nano.a(lib_a-memset.o)
 .ARM.attributes
                0x00000000000006d1       0x32 /home/tantatorn/.eclipse/com.st.stm32cube.ide.mcu.rcp.product_1.3.0_1935175002_linux_gtk_x86_64/plugins/com.st.stm32cube.ide.mcu.externaltools.gnu-tools-for-stm32.7-2018-q2-update.linux64_1.4.0.202007081208/tools/bin/../lib/gcc/arm-none-eabi/7.3.1/../../../../arm-none-eabi/lib/thumb/v7e-m/fpv5/hard/libc_nano.a(lib_a-nano-vfprintf_float.o)
 .ARM.attributes
                0x0000000000000703       0x32 /home/tantatorn/.eclipse/com.st.stm32cube.ide.mcu.rcp.product_1.3.0_1935175002_linux_gtk_x86_64/plugins/com.st.stm32cube.ide.mcu.externaltools.gnu-tools-for-stm32.7-2018-q2-update.linux64_1.4.0.202007081208/tools/bin/../lib/gcc/arm-none-eabi/7.3.1/../../../../arm-none-eabi/lib/thumb/v7e-m/fpv5/hard/libc_nano.a(lib_a-nano-vfprintf_i.o)
 .ARM.attributes
                0x0000000000000735       0x32 /home/tantatorn/.eclipse/com.st.stm32cube.ide.mcu.rcp.product_1.3.0_1935175002_linux_gtk_x86_64/plugins/com.st.stm32cube.ide.mcu.externaltools.gnu-tools-for-stm32.7-2018-q2-update.linux64_1.4.0.202007081208/tools/bin/../lib/gcc/arm-none-eabi/7.3.1/../../../../arm-none-eabi/lib/thumb/v7e-m/fpv5/hard/libc_nano.a(lib_a-nano-vfscanf_float.o)
 .ARM.attributes
                0x0000000000000767       0x32 /home/tantatorn/.eclipse/com.st.stm32cube.ide.mcu.rcp.product_1.3.0_1935175002_linux_gtk_x86_64/plugins/com.st.stm32cube.ide.mcu.externaltools.gnu-tools-for-stm32.7-2018-q2-update.linux64_1.4.0.202007081208/tools/bin/../lib/gcc/arm-none-eabi/7.3.1/../../../../arm-none-eabi/lib/thumb/v7e-m/fpv5/hard/libc_nano.a(lib_a-sf_nan.o)
 .ARM.attributes
                0x0000000000000799       0x32 /home/tantatorn/.eclipse/com.st.stm32cube.ide.mcu.rcp.product_1.3.0_1935175002_linux_gtk_x86_64/plugins/com.st.stm32cube.ide.mcu.externaltools.gnu-tools-for-stm32.7-2018-q2-update.linux64_1.4.0.202007081208/tools/bin/../lib/gcc/arm-none-eabi/7.3.1/../../../../arm-none-eabi/lib/thumb/v7e-m/fpv5/hard/libc_nano.a(lib_a-sprintf.o)
 .ARM.attributes
                0x00000000000007cb       0x19 /home/tantatorn/.eclipse/com.st.stm32cube.ide.mcu.rcp.product_1.3.0_1935175002_linux_gtk_x86_64/plugins/com.st.stm32cube.ide.mcu.externaltools.gnu-tools-for-stm32.7-2018-q2-update.linux64_1.4.0.202007081208/tools/bin/../lib/gcc/arm-none-eabi/7.3.1/../../../../arm-none-eabi/lib/thumb/v7e-m/fpv5/hard/libc_nano.a(lib_a-strlen.o)
 .ARM.attributes
                0x00000000000007e4       0x32 /home/tantatorn/.eclipse/com.st.stm32cube.ide.mcu.rcp.product_1.3.0_1935175002_linux_gtk_x86_64/plugins/com.st.stm32cube.ide.mcu.externaltools.gnu-tools-for-stm32.7-2018-q2-update.linux64_1.4.0.202007081208/tools/bin/../lib/gcc/arm-none-eabi/7.3.1/../../../../arm-none-eabi/lib/thumb/v7e-m/fpv5/hard/libc_nano.a(lib_a-strtod.o)
 .ARM.attributes
                0x0000000000000816       0x32 /home/tantatorn/.eclipse/com.st.stm32cube.ide.mcu.rcp.product_1.3.0_1935175002_linux_gtk_x86_64/plugins/com.st.stm32cube.ide.mcu.externaltools.gnu-tools-for-stm32.7-2018-q2-update.linux64_1.4.0.202007081208/tools/bin/../lib/gcc/arm-none-eabi/7.3.1/../../../../arm-none-eabi/lib/thumb/v7e-m/fpv5/hard/libc_nano.a(lib_a-strtol.o)
 .ARM.attributes
                0x0000000000000848       0x32 /home/tantatorn/.eclipse/com.st.stm32cube.ide.mcu.rcp.product_1.3.0_1935175002_linux_gtk_x86_64/plugins/com.st.stm32cube.ide.mcu.externaltools.gnu-tools-for-stm32.7-2018-q2-update.linux64_1.4.0.202007081208/tools/bin/../lib/gcc/arm-none-eabi/7.3.1/../../../../arm-none-eabi/lib/thumb/v7e-m/fpv5/hard/libc_nano.a(lib_a-dtoa.o)
 .ARM.attributes
                0x000000000000087a       0x32 /home/tantatorn/.eclipse/com.st.stm32cube.ide.mcu.rcp.product_1.3.0_1935175002_linux_gtk_x86_64/plugins/com.st.stm32cube.ide.mcu.externaltools.gnu-tools-for-stm32.7-2018-q2-update.linux64_1.4.0.202007081208/tools/bin/../lib/gcc/arm-none-eabi/7.3.1/../../../../arm-none-eabi/lib/thumb/v7e-m/fpv5/hard/libc_nano.a(lib_a-gdtoa-gethex.o)
 .ARM.attributes
                0x00000000000008ac       0x32 /home/tantatorn/.eclipse/com.st.stm32cube.ide.mcu.rcp.product_1.3.0_1935175002_linux_gtk_x86_64/plugins/com.st.stm32cube.ide.mcu.externaltools.gnu-tools-for-stm32.7-2018-q2-update.linux64_1.4.0.202007081208/tools/bin/../lib/gcc/arm-none-eabi/7.3.1/../../../../arm-none-eabi/lib/thumb/v7e-m/fpv5/hard/libc_nano.a(lib_a-gdtoa-hexnan.o)
 .ARM.attributes
                0x00000000000008de       0x32 /home/tantatorn/.eclipse/com.st.stm32cube.ide.mcu.rcp.product_1.3.0_1935175002_linux_gtk_x86_64/plugins/com.st.stm32cube.ide.mcu.externaltools.gnu-tools-for-stm32.7-2018-q2-update.linux64_1.4.0.202007081208/tools/bin/../lib/gcc/arm-none-eabi/7.3.1/../../../../arm-none-eabi/lib/thumb/v7e-m/fpv5/hard/libc_nano.a(lib_a-locale.o)
 .ARM.attributes
                0x0000000000000910       0x32 /home/tantatorn/.eclipse/com.st.stm32cube.ide.mcu.rcp.product_1.3.0_1935175002_linux_gtk_x86_64/plugins/com.st.stm32cube.ide.mcu.externaltools.gnu-tools-for-stm32.7-2018-q2-update.linux64_1.4.0.202007081208/tools/bin/../lib/gcc/arm-none-eabi/7.3.1/../../../../arm-none-eabi/lib/thumb/v7e-m/fpv5/hard/libc_nano.a(lib_a-localeconv.o)
 .ARM.attributes
                0x0000000000000942       0x32 /home/tantatorn/.eclipse/com.st.stm32cube.ide.mcu.rcp.product_1.3.0_1935175002_linux_gtk_x86_64/plugins/com.st.stm32cube.ide.mcu.externaltools.gnu-tools-for-stm32.7-2018-q2-update.linux64_1.4.0.202007081208/tools/bin/../lib/gcc/arm-none-eabi/7.3.1/../../../../arm-none-eabi/lib/thumb/v7e-m/fpv5/hard/libc_nano.a(lib_a-malloc.o)
 .ARM.attributes
                0x0000000000000974       0x32 /home/tantatorn/.eclipse/com.st.stm32cube.ide.mcu.rcp.product_1.3.0_1935175002_linux_gtk_x86_64/plugins/com.st.stm32cube.ide.mcu.externaltools.gnu-tools-for-stm32.7-2018-q2-update.linux64_1.4.0.202007081208/tools/bin/../lib/gcc/arm-none-eabi/7.3.1/../../../../arm-none-eabi/lib/thumb/v7e-m/fpv5/hard/libc_nano.a(lib_a-mbtowc_r.o)
 .ARM.attributes
                0x00000000000009a6       0x1e /home/tantatorn/.eclipse/com.st.stm32cube.ide.mcu.rcp.product_1.3.0_1935175002_linux_gtk_x86_64/plugins/com.st.stm32cube.ide.mcu.externaltools.gnu-tools-for-stm32.7-2018-q2-update.linux64_1.4.0.202007081208/tools/bin/../lib/gcc/arm-none-eabi/7.3.1/../../../../arm-none-eabi/lib/thumb/v7e-m/fpv5/hard/libc_nano.a(lib_a-memchr.o)
 .ARM.attributes
                0x00000000000009c4       0x32 /home/tantatorn/.eclipse/com.st.stm32cube.ide.mcu.rcp.product_1.3.0_1935175002_linux_gtk_x86_64/plugins/com.st.stm32cube.ide.mcu.externaltools.gnu-tools-for-stm32.7-2018-q2-update.linux64_1.4.0.202007081208/tools/bin/../lib/gcc/arm-none-eabi/7.3.1/../../../../arm-none-eabi/lib/thumb/v7e-m/fpv5/hard/libc_nano.a(lib_a-memcpy-stub.o)
 .ARM.attributes
                0x00000000000009f6       0x32 /home/tantatorn/.eclipse/com.st.stm32cube.ide.mcu.rcp.product_1.3.0_1935175002_linux_gtk_x86_64/plugins/com.st.stm32cube.ide.mcu.externaltools.gnu-tools-for-stm32.7-2018-q2-update.linux64_1.4.0.202007081208/tools/bin/../lib/gcc/arm-none-eabi/7.3.1/../../../../arm-none-eabi/lib/thumb/v7e-m/fpv5/hard/libc_nano.a(lib_a-mprec.o)
 .ARM.attributes
                0x0000000000000a28       0x32 /home/tantatorn/.eclipse/com.st.stm32cube.ide.mcu.rcp.product_1.3.0_1935175002_linux_gtk_x86_64/plugins/com.st.stm32cube.ide.mcu.externaltools.gnu-tools-for-stm32.7-2018-q2-update.linux64_1.4.0.202007081208/tools/bin/../lib/gcc/arm-none-eabi/7.3.1/../../../../arm-none-eabi/lib/thumb/v7e-m/fpv5/hard/libc_nano.a(lib_a-nano-callocr.o)
 .ARM.attributes
                0x0000000000000a5a       0x32 /home/tantatorn/.eclipse/com.st.stm32cube.ide.mcu.rcp.product_1.3.0_1935175002_linux_gtk_x86_64/plugins/com.st.stm32cube.ide.mcu.externaltools.gnu-tools-for-stm32.7-2018-q2-update.linux64_1.4.0.202007081208/tools/bin/../lib/gcc/arm-none-eabi/7.3.1/../../../../arm-none-eabi/lib/thumb/v7e-m/fpv5/hard/libc_nano.a(lib_a-nano-freer.o)
 .ARM.attributes
                0x0000000000000a8c       0x32 /home/tantatorn/.eclipse/com.st.stm32cube.ide.mcu.rcp.product_1.3.0_1935175002_linux_gtk_x86_64/plugins/com.st.stm32cube.ide.mcu.externaltools.gnu-tools-for-stm32.7-2018-q2-update.linux64_1.4.0.202007081208/tools/bin/../lib/gcc/arm-none-eabi/7.3.1/../../../../arm-none-eabi/lib/thumb/v7e-m/fpv5/hard/libc_nano.a(lib_a-nano-mallocr.o)
 .ARM.attributes
                0x0000000000000abe       0x32 /home/tantatorn/.eclipse/com.st.stm32cube.ide.mcu.rcp.product_1.3.0_1935175002_linux_gtk_x86_64/plugins/com.st.stm32cube.ide.mcu.externaltools.gnu-tools-for-stm32.7-2018-q2-update.linux64_1.4.0.202007081208/tools/bin/../lib/gcc/arm-none-eabi/7.3.1/../../../../arm-none-eabi/lib/thumb/v7e-m/fpv5/hard/libc_nano.a(lib_a-nano-svfprintf.o)
 .ARM.attributes
                0x0000000000000af0       0x32 /home/tantatorn/.eclipse/com.st.stm32cube.ide.mcu.rcp.product_1.3.0_1935175002_linux_gtk_x86_64/plugins/com.st.stm32cube.ide.mcu.externaltools.gnu-tools-for-stm32.7-2018-q2-update.linux64_1.4.0.202007081208/tools/bin/../lib/gcc/arm-none-eabi/7.3.1/../../../../arm-none-eabi/lib/thumb/v7e-m/fpv5/hard/libc_nano.a(lib_a-sbrkr.o)
 .ARM.attributes