Archive member included to satisfy reference by file (symbol)

/opt/st/stm32cubeide_1.3.0/plugins/com.st.stm32cube.ide.mcu.externaltools.gnu-tools-for-stm32.7-2018-q2-update.linux64_1.0.0.201904181610/tools/bin/../lib/gcc/arm-none-eabi/7.3.1/../../../../arm-none-eabi/lib/thumb/v7e-m/fpv5/hard/libc_nano.a(lib_a-errno.o)
                              Core/Src/syscalls.o (__errno)
/opt/st/stm32cubeide_1.3.0/plugins/com.st.stm32cube.ide.mcu.externaltools.gnu-tools-for-stm32.7-2018-q2-update.linux64_1.0.0.201904181610/tools/bin/../lib/gcc/arm-none-eabi/7.3.1/../../../../arm-none-eabi/lib/thumb/v7e-m/fpv5/hard/libc_nano.a(lib_a-exit.o)
                              /opt/st/stm32cubeide_1.3.0/plugins/com.st.stm32cube.ide.mcu.externaltools.gnu-tools-for-stm32.7-2018-q2-update.linux64_1.0.0.201904181610/tools/bin/../lib/gcc/arm-none-eabi/7.3.1/../../../../arm-none-eabi/lib/thumb/v7e-m/fpv5/hard/crt0.o (exit)
/opt/st/stm32cubeide_1.3.0/plugins/com.st.stm32cube.ide.mcu.externaltools.gnu-tools-for-stm32.7-2018-q2-update.linux64_1.0.0.201904181610/tools/bin/../lib/gcc/arm-none-eabi/7.3.1/../../../../arm-none-eabi/lib/thumb/v7e-m/fpv5/hard/libc_nano.a(lib_a-impure.o)
                              /opt/st/stm32cubeide_1.3.0/plugins/com.st.stm32cube.ide.mcu.externaltools.gnu-tools-for-stm32.7-2018-q2-update.linux64_1.0.0.201904181610/tools/bin/../lib/gcc/arm-none-eabi/7.3.1/../../../../arm-none-eabi/lib/thumb/v7e-m/fpv5/hard/libc_nano.a(lib_a-exit.o) (_global_impure_ptr)
/opt/st/stm32cubeide_1.3.0/plugins/com.st.stm32cube.ide.mcu.externaltools.gnu-tools-for-stm32.7-2018-q2-update.linux64_1.0.0.201904181610/tools/bin/../lib/gcc/arm-none-eabi/7.3.1/../../../../arm-none-eabi/lib/thumb/v7e-m/fpv5/hard/libc_nano.a(lib_a-init.o)
                              /opt/st/stm32cubeide_1.3.0/plugins/com.st.stm32cube.ide.mcu.externaltools.gnu-tools-for-stm32.7-2018-q2-update.linux64_1.0.0.201904181610/tools/bin/../lib/gcc/arm-none-eabi/7.3.1/../../../../arm-none-eabi/lib/thumb/v7e-m/fpv5/hard/crt0.o (__libc_init_array)
/opt/st/stm32cubeide_1.3.0/plugins/com.st.stm32cube.ide.mcu.externaltools.gnu-tools-for-stm32.7-2018-q2-update.linux64_1.0.0.201904181610/tools/bin/../lib/gcc/arm-none-eabi/7.3.1/../../../../arm-none-eabi/lib/thumb/v7e-m/fpv5/hard/libc_nano.a(lib_a-memset.o)
                              /opt/st/stm32cubeide_1.3.0/plugins/com.st.stm32cube.ide.mcu.externaltools.gnu-tools-for-stm32.7-2018-q2-update.linux64_1.0.0.201904181610/tools/bin/../lib/gcc/arm-none-eabi/7.3.1/../../../../arm-none-eabi/lib/thumb/v7e-m/fpv5/hard/crt0.o (memset)
/opt/st/stm32cubeide_1.3.0/plugins/com.st.stm32cube.ide.mcu.externaltools.gnu-tools-for-stm32.7-2018-q2-update.linux64_1.0.0.201904181610/tools/bin/../lib/gcc/arm-none-eabi/7.3.1/thumb/v7e-m/fpv5/hard/libgcc.a(_aeabi_uldivmod.o)
                              Drivers/STM32F7xx_HAL_Driver/Src/stm32f7xx_hal_rcc.o (__aeabi_uldivmod)
/opt/st/stm32cubeide_1.3.0/plugins/com.st.stm32cube.ide.mcu.externaltools.gnu-tools-for-stm32.7-2018-q2-update.linux64_1.0.0.201904181610/tools/bin/../lib/gcc/arm-none-eabi/7.3.1/thumb/v7e-m/fpv5/hard/libgcc.a(_udivmoddi4.o)
                              /opt/st/stm32cubeide_1.3.0/plugins/com.st.stm32cube.ide.mcu.externaltools.gnu-tools-for-stm32.7-2018-q2-update.linux64_1.0.0.201904181610/tools/bin/../lib/gcc/arm-none-eabi/7.3.1/thumb/v7e-m/fpv5/hard/libgcc.a(_aeabi_uldivmod.o) (__udivmoddi4)
/opt/st/stm32cubeide_1.3.0/plugins/com.st.stm32cube.ide.mcu.externaltools.gnu-tools-for-stm32.7-2018-q2-update.linux64_1.0.0.201904181610/tools/bin/../lib/gcc/arm-none-eabi/7.3.1/thumb/v7e-m/fpv5/hard/libgcc.a(_dvmd_tls.o)
                              /opt/st/stm32cubeide_1.3.0/plugins/com.st.stm32cube.ide.mcu.externaltools.gnu-tools-for-stm32.7-2018-q2-update.linux64_1.0.0.201904181610/tools/bin/../lib/gcc/arm-none-eabi/7.3.1/thumb/v7e-m/fpv5/hard/libgcc.a(_aeabi_uldivmod.o) (__aeabi_ldiv0)

Allocating common symbols
Common symbol       size              file

uwTick              0x4               Drivers/STM32F7xx_HAL_Driver/Src/stm32f7xx_hal.o
pFlash              0x1c              Drivers/STM32F7xx_HAL_Driver/Src/stm32f7xx_hal_flash.o

Discarded input sections

 .text          0x0000000000000000        0x0 /opt/st/stm32cubeide_1.3.0/plugins/com.st.stm32cube.ide.mcu.externaltools.gnu-tools-for-stm32.7-2018-q2-update.linux64_1.0.0.201904181610/tools/bin/../lib/gcc/arm-none-eabi/7.3.1/thumb/v7e-m/fpv5/hard/crti.o
 .data          0x0000000000000000        0x0 /opt/st/stm32cubeide_1.3.0/plugins/com.st.stm32cube.ide.mcu.externaltools.gnu-tools-for-stm32.7-2018-q2-update.linux64_1.0.0.201904181610/tools/bin/../lib/gcc/arm-none-eabi/7.3.1/thumb/v7e-m/fpv5/hard/crti.o
 .bss           0x0000000000000000        0x0 /opt/st/stm32cubeide_1.3.0/plugins/com.st.stm32cube.ide.mcu.externaltools.gnu-tools-for-stm32.7-2018-q2-update.linux64_1.0.0.201904181610/tools/bin/../lib/gcc/arm-none-eabi/7.3.1/thumb/v7e-m/fpv5/hard/crti.o
[...]
Memory Configuration

Name             Origin             Length             Attributes
RAM              0x0000000020000000 0x0000000000080000 xrw
FLASH            0x0000000008000000 0x0000000000200000 xr
*default*        0x0000000000000000 0xffffffffffffffff

Linker script and memory map

LOAD /opt/st/stm32cubeide_1.3.0/plugins/com.st.stm32cube.ide.mcu.externaltools.gnu-tools-for-stm32.7-2018-q2-update.linux64_1.0.0.201904181610/tools/bin/../lib/gcc/arm-none-eabi/7.3.1/thumb/v7e-m/fpv5/hard/crti.o
LOAD /opt/st/stm32cubeide_1.3.0/plugins/com.st.stm32cube.ide.mcu.externaltools.gnu-tools-for-stm32.7-2018-q2-update.linux64_1.0.0.201904181610/tools/bin/../lib/gcc/arm-none-eabi/7.3.1/thumb/v7e-m/fpv5/hard/crtbegin.o
LOAD /opt/st/stm32cubeide_1.3.0/plugins/com.st.stm32cube.ide.mcu.externaltools.gnu-tools-for-stm32.7-2018-q2-update.linux64_1.0.0.201904181610/tools/bin/../lib/gcc/arm-none-eabi/7.3.1/../../../../arm-none-eabi/lib/thumb/v7e-m/fpv5/hard/crt0.o
LOAD Core/Src/main.o
LOAD Core/Src/stm32f7xx_hal_msp.o
LOAD Core/Src/stm32f7xx_it.o
LOAD Core/Src/syscalls.o
LOAD Core/Src/sysmem.o
LOAD Core/Src/system_stm32f7xx.o
LOAD Core/Startup/startup_stm32f767zitx.o
LOAD Drivers/STM32F7xx_HAL_Driver/Src/stm32f7xx_hal.o
LOAD Drivers/STM32F7xx_HAL_Driver/Src/stm32f7xx_hal_cortex.o
LOAD Drivers/STM32F7xx_HAL_Driver/Src/stm32f7xx_hal_dma.o
LOAD Drivers/STM32F7xx_HAL_Driver/Src/stm32f7xx_hal_dma_ex.o
LOAD Drivers/STM32F7xx_HAL_Driver/Src/stm32f7xx_hal_exti.o
LOAD Drivers/STM32F7xx_HAL_Driver/Src/stm32f7xx_hal_flash.o
LOAD Drivers/STM32F7xx_HAL_Driver/Src/stm32f7xx_hal_flash_ex.o
LOAD Drivers/STM32F7xx_HAL_Driver/Src/stm32f7xx_hal_gpio.o
LOAD Drivers/STM32F7xx_HAL_Driver/Src/stm32f7xx_hal_i2c.o
LOAD Drivers/STM32F7xx_HAL_Driver/Src/stm32f7xx_hal_i2c_ex.o
LOAD Drivers/STM32F7xx_HAL_Driver/Src/stm32f7xx_hal_pwr.o
LOAD Drivers/STM32F7xx_HAL_Driver/Src/stm32f7xx_hal_pwr_ex.o
LOAD Drivers/STM32F7xx_HAL_Driver/Src/stm32f7xx_hal_rcc.o
LOAD Drivers/STM32F7xx_HAL_Driver/Src/stm32f7xx_hal_rcc_ex.o
LOAD Drivers/STM32F7xx_HAL_Driver/Src/stm32f7xx_hal_tim.o
LOAD Drivers/STM32F7xx_HAL_Driver/Src/stm32f7xx_hal_tim_ex.o
START GROUP
LOAD /opt/st/stm32cubeide_1.3.0/plugins/com.st.stm32cube.ide.mcu.externaltools.gnu-tools-for-stm32.7-2018-q2-update.linux64_1.0.0.201904181610/tools/bin/../lib/gcc/arm-none-eabi/7.3.1/../../../../arm-none-eabi/lib/thumb/v7e-m/fpv5/hard/libc_nano.a
LOAD /opt/st/stm32cubeide_1.3.0/plugins/com.st.stm32cube.ide.mcu.externaltools.gnu-tools-for-stm32.7-2018-q2-update.linux64_1.0.0.201904181610/tools/bin/../lib/gcc/arm-none-eabi/7.3.1/../../../../arm-none-eabi/lib/thumb/v7e-m/fpv5/hard/libm.a
END GROUP
START GROUP
LOAD /opt/st/stm32cubeide_1.3.0/plugins/com.st.stm32cube.ide.mcu.externaltools.gnu-tools-for-stm32.7-2018-q2-update.linux64_1.0.0.201904181610/tools/bin/../lib/gcc/arm-none-eabi/7.3.1/thumb/v7e-m/fpv5/hard/libgcc.a
LOAD /opt/st/stm32cubeide_1.3.0/plugins/com.st.stm32cube.ide.mcu.externaltools.gnu-tools-for-stm32.7-2018-q2-update.linux64_1.0.0.201904181610/tools/bin/../lib/gcc/arm-none-eabi/7.3.1/../../../../arm-none-eabi/lib/thumb/v7e-m/fpv5/hard/libc_nano.a
END GROUP
START GROUP
LOAD /opt/st/stm32cubeide_1.3.0/plugins/com.st.stm32cube.ide.mcu.externaltools.gnu-tools-for-stm32.7-2018-q2-update.linux64_1.0.0.201904181610/tools/bin/../lib/gcc/arm-none-eabi/7.3.1/thumb/v7e-m/fpv5/hard/libgcc.a
LOAD /opt/st/stm32cubeide_1.3.0/plugins/com.st.stm32cube.ide.mcu.externaltools.gnu-tools-for-stm32.7-2018-q2-update.linux64_1.0.0.201904181610/tools/bin/../lib/gcc/arm-none-eabi/7.3.1/../../../../arm-none-eabi/lib/thumb/v7e-m/fpv5/hard/libc_nano.a
LOAD /opt/st/stm32cubeide_1.3.0/plugins/com.st.stm32cube.ide.mcu.externaltools.gnu-tools-for-stm32.7-2018-q2-update.linux64_1.0.0.201904181610/tools/bin/../lib/gcc/arm-none-eabi/7.3.1/../../../../arm-none-eabi/lib/thumb/v7e-m/fpv5/hard/libnosys.a
END GROUP
START GROUP
LOAD /opt/st/stm32cubeide_1.3.0/plugins/com.st.stm32cube.ide.mcu.externaltools.gnu-tools-for-stm32.7-2018-q2-update.linux64_1.0.0.201904181610/tools/bin/../lib/gcc/arm-none-eabi/7.3.1/thumb/v7e-m/fpv5/hard/libgcc.a
LOAD /opt/st/stm32cubeide_1.3.0/plugins/com.st.stm32cube.ide.mcu.externaltools.gnu-tools-for-stm32.7-2018-q2-update.linux64_1.0.0.201904181610/tools/bin/../lib/gcc/arm-none-eabi/7.3.1/../../../../arm-none-eabi/lib/thumb/v7e-m/fpv5/hard/libc_nano.a
LOAD /opt/st/stm32cubeide_1.3.0/plugins/com.st.stm32cube.ide.mcu.externaltools.gnu-tools-for-stm32.7-2018-q2-update.linux64_1.0.0.201904181610/tools/bin/../lib/gcc/arm-none-eabi/7.3.1/../../../../arm-none-eabi/lib/thumb/v7e-m/fpv5/hard/libnosys.a
END GROUP
LOAD /opt/st/stm32cubeide_1.3.0/plugins/com.st.stm32cube.ide.mcu.externaltools.gnu-tools-for-stm32.7-2018-q2-update.linux64_1.0.0.201904181610/tools/bin/../lib/gcc/arm-none-eabi/7.3.1/thumb/v7e-m/fpv5/hard/crtend.o
LOAD /opt/st/stm32cubeide_1.3.0/plugins/com.st.stm32cube.ide.mcu.externaltools.gnu-tools-for-stm32.7-2018-q2-update.linux64_1.0.0.201904181610/tools/bin/../lib/gcc/arm-none-eabi/7.3.1/thumb/v7e-m/fpv5/hard/crtn.o
                0x0000000020080000                _estack = (ORIGIN (RAM) + LENGTH (RAM))
                0x0000000000000200                _Min_Heap_Size = 0x200
                0x0000000000000400                _Min_Stack_Size = 0x400

.isr_vector     0x0000000008000000      0x1f8
                0x0000000008000000                . = ALIGN (0x4)
 *(.isr_vector)
 .isr_vector    0x0000000008000000      0x1f8 Core/Startup/startup_stm32f767zitx.o
                0x0000000008000000                g_pfnVectors
                0x00000000080001f8                . = ALIGN (0x4)

.text           0x00000000080001f8     0x18c0
                0x00000000080001f8                . = ALIGN (0x4)
 *(.text)
 .text          0x00000000080001f8       0x40 /opt/st/stm32cubeide_1.3.0/plugins/com.st.stm32cube.ide.mcu.externaltools.gnu-tools-for-stm32.7-2018-q2-update.linux64_1.0.0.201904181610/tools/bin/../lib/gcc/arm-none-eabi/7.3.1/thumb/v7e-m/fpv5/hard/crtbegin.o
 .text          0x0000000008000238       0x30 /opt/st/stm32cubeide_1.3.0/plugins/com.st.stm32cube.ide.mcu.externaltools.gnu-tools-for-stm32.7-2018-q2-update.linux64_1.0.0.201904181610/tools/bin/../lib/gcc/arm-none-eabi/7.3.1/thumb/v7e-m/fpv5/hard/libgcc.a(_aeabi_uldivmod.o)
                0x0000000008000238                __aeabi_uldivmod
 .text          0x0000000008000268      0x2cc /opt/st/stm32cubeide_1.3.0/plugins/com.st.stm32cube.ide.mcu.externaltools.gnu-tools-for-stm32.7-2018-q2-update.linux64_1.0.0.201904181610/tools/bin/../lib/gcc/arm-none-eabi/7.3.1/thumb/v7e-m/fpv5/hard/libgcc.a(_udivmoddi4.o)
                0x0000000008000268                __udivmoddi4
 .text          0x0000000008000534        0x4 /opt/st/stm32cubeide_1.3.0/plugins/com.st.stm32cube.ide.mcu.externaltools.gnu-tools-for-stm32.7-2018-q2-update.linux64_1.0.0.201904181610/tools/bin/../lib/gcc/arm-none-eabi/7.3.1/thumb/v7e-m/fpv5/hard/libgcc.a(_dvmd_tls.o)
                0x0000000008000534                __aeabi_ldiv0
                0x0000000008000534                __aeabi_idiv0
 *(.text*)
 .text.main     0x0000000008000538       0x16 Core/Src/main.o
                0x0000000008000538                main
 *fill*         0x000000000800054e        0x2 
 .text.SystemClock_Config
                0x0000000008000550       0xb8 Core/Src/main.o
                0x0000000008000550                SystemClock_Config
 .text.MX_GPIO_Init
                0x0000000008000608      0x1cc Core/Src/main.o
 .text.question_4
                0x00000000080007d4       0x30 Core/Src/main.o
                0x00000000080007d4                question_4
 .text.led_event_steady
                0x0000000008000804       0x78 Core/Src/main.o
                0x0000000008000804                led_event_steady
 .text.led_event_ext_button
                0x000000000800087c       0x4c Core/Src/main.o
                0x000000000800087c                led_event_ext_button
 .text.led_event_blue_button
                0x00000000080008c8       0x34 Core/Src/main.o
                0x00000000080008c8                led_event_blue_button
 .text.blink_led
                0x00000000080008fc       0x30 Core/Src/main.o
                0x00000000080008fc                blink_led
 .text.blink_by_stage
                0x000000000800092c       0x9c Core/Src/main.o
                0x000000000800092c                blink_by_stage
 .text.Error_Handler
                0x00000000080009c8        0xe Core/Src/main.o
                0x00000000080009c8                Error_Handler
 *fill*         0x00000000080009d6        0x2 
 .text.HAL_MspInit
                0x00000000080009d8       0x48 Core/Src/stm32f7xx_hal_msp.o
                0x00000000080009d8                HAL_MspInit
 .text.NMI_Handler
                0x0000000008000a20        0xe Core/Src/stm32f7xx_it.o
                0x0000000008000a20                NMI_Handler
 .text.HardFault_Handler
                0x0000000008000a2e        0x6 Core/Src/stm32f7xx_it.o
                0x0000000008000a2e                HardFault_Handler
 .text.MemManage_Handler
                0x0000000008000a34        0x6 Core/Src/stm32f7xx_it.o
                0x0000000008000a34                MemManage_Handler
 .text.BusFault_Handler
                0x0000000008000a3a        0x6 Core/Src/stm32f7xx_it.o
                0x0000000008000a3a                BusFault_Handler
 .text.UsageFault_Handler
                0x0000000008000a40        0x6 Core/Src/stm32f7xx_it.o
                0x0000000008000a40                UsageFault_Handler
 .text.SVC_Handler
                0x0000000008000a46        0xe Core/Src/stm32f7xx_it.o
                0x0000000008000a46                SVC_Handler
 .text.DebugMon_Handler
                0x0000000008000a54        0xe Core/Src/stm32f7xx_it.o
                0x0000000008000a54                DebugMon_Handler
 .text.PendSV_Handler
                0x0000000008000a62        0xe Core/Src/stm32f7xx_it.o
                0x0000000008000a62                PendSV_Handler
 .text.SysTick_Handler
                0x0000000008000a70        0xc Core/Src/stm32f7xx_it.o
                0x0000000008000a70                SysTick_Handler
 .text.SystemInit
                0x0000000008000a7c       0x2c Core/Src/system_stm32f7xx.o
                0x0000000008000a7c                SystemInit
 .text.Reset_Handler
                0x0000000008000aa8       0x50 Core/Startup/startup_stm32f767zitx.o
                0x0000000008000aa8                Reset_Handler
 .text.Default_Handler
                0x0000000008000af8        0x2 Core/Startup/startup_stm32f767zitx.o
                0x0000000008000af8                RTC_Alarm_IRQHandler
                0x0000000008000af8                EXTI2_IRQHandler
                0x0000000008000af8                TIM8_CC_IRQHandler
                0x0000000008000af8                UART8_IRQHandler
                0x0000000008000af8                SPI4_IRQHandler
                0x0000000008000af8                TIM1_CC_IRQHandler
                0x0000000008000af8                DMA2_Stream5_IRQHandler
                0x0000000008000af8                JPEG_IRQHandler
                0x0000000008000af8                DMA1_Stream5_IRQHandler
                0x0000000008000af8                CAN3_RX1_IRQHandler
                0x0000000008000af8                PVD_IRQHandler
                0x0000000008000af8                TAMP_STAMP_IRQHandler
                0x0000000008000af8                CAN2_RX1_IRQHandler
                0x0000000008000af8                EXTI3_IRQHandler
                0x0000000008000af8                TIM8_TRG_COM_TIM14_IRQHandler
                0x0000000008000af8                DFSDM1_FLT1_IRQHandler
                0x0000000008000af8                TIM1_UP_TIM10_IRQHandler
                0x0000000008000af8                TIM8_UP_TIM13_IRQHandler
                0x0000000008000af8                I2C3_ER_IRQHandler
                0x0000000008000af8                DFSDM1_FLT2_IRQHandler
                0x0000000008000af8                EXTI0_IRQHandler
                0x0000000008000af8                I2C2_EV_IRQHandler
                0x0000000008000af8                DMA1_Stream2_IRQHandler
                0x0000000008000af8                CAN1_RX0_IRQHandler
                0x0000000008000af8                FPU_IRQHandler
                0x0000000008000af8                OTG_HS_WKUP_IRQHandler
                0x0000000008000af8                CAN3_SCE_IRQHandler
                0x0000000008000af8                LTDC_ER_IRQHandler
                0x0000000008000af8                CAN2_SCE_IRQHandler
                0x0000000008000af8                DMA2_Stream2_IRQHandler
                0x0000000008000af8                SPI1_IRQHandler
                0x0000000008000af8                TIM6_DAC_IRQHandler
                0x0000000008000af8                TIM1_BRK_TIM9_IRQHandler
                0x0000000008000af8                DCMI_IRQHandler
                0x0000000008000af8                CAN2_RX0_IRQHandler
                0x0000000008000af8                DMA2_Stream3_IRQHandler
                0x0000000008000af8                SAI2_IRQHandler
                0x0000000008000af8                DFSDM1_FLT3_IRQHandler
                0x0000000008000af8                USART6_IRQHandler
                0x0000000008000af8                CAN3_RX0_IRQHandler
                0x0000000008000af8                USART3_IRQHandler
                0x0000000008000af8                CAN1_RX1_IRQHandler
                0x0000000008000af8                UART5_IRQHandler
                0x0000000008000af8                DMA2_Stream0_IRQHandler
                0x0000000008000af8                TIM4_IRQHandler
                0x0000000008000af8                QUADSPI_IRQHandler
                0x0000000008000af8                I2C1_EV_IRQHandler
                0x0000000008000af8                DMA1_Stream6_IRQHandler
                0x0000000008000af8                DMA1_Stream1_IRQHandler
                0x0000000008000af8                UART4_IRQHandler
                0x0000000008000af8                TIM3_IRQHandler
                0x0000000008000af8                RCC_IRQHandler
                0x0000000008000af8                TIM8_BRK_TIM12_IRQHandler
                0x0000000008000af8                Default_Handler
                0x0000000008000af8                CEC_IRQHandler
                0x0000000008000af8                EXTI15_10_IRQHandler
                0x0000000008000af8                ADC_IRQHandler
                0x0000000008000af8                DMA1_Stream7_IRQHandler
                0x0000000008000af8                SPI5_IRQHandler
                0x0000000008000af8                TIM7_IRQHandler
                0x0000000008000af8                SDMMC1_IRQHandler
                0x0000000008000af8                CAN2_TX_IRQHandler
                0x0000000008000af8                TIM5_IRQHandler
                0x0000000008000af8                DMA2_Stream7_IRQHandler
                0x0000000008000af8                I2C3_EV_IRQHandler
                0x0000000008000af8                EXTI9_5_IRQHandler
                0x0000000008000af8                RTC_WKUP_IRQHandler
                0x0000000008000af8                LTDC_IRQHandler
                0x0000000008000af8                ETH_WKUP_IRQHandler
                0x0000000008000af8                SPDIF_RX_IRQHandler
                0x0000000008000af8                SPI2_IRQHandler
                0x0000000008000af8                OTG_HS_EP1_IN_IRQHandler
                0x0000000008000af8                DMA1_Stream0_IRQHandler
                0x0000000008000af8                CAN1_TX_IRQHandler
                0x0000000008000af8                EXTI4_IRQHandler
                0x0000000008000af8                RNG_IRQHandler
                0x0000000008000af8                ETH_IRQHandler
                0x0000000008000af8                OTG_HS_EP1_OUT_IRQHandler
                0x0000000008000af8                WWDG_IRQHandler
                0x0000000008000af8                SPI6_IRQHandler
                0x0000000008000af8                MDIOS_IRQHandler
                0x0000000008000af8                I2C4_EV_IRQHandler
                0x0000000008000af8                CAN3_TX_IRQHandler
                0x0000000008000af8                TIM2_IRQHandler
                0x0000000008000af8                OTG_FS_WKUP_IRQHandler
                0x0000000008000af8                TIM1_TRG_COM_TIM11_IRQHandler
                0x0000000008000af8                OTG_HS_IRQHandler
                0x0000000008000af8                DMA2D_IRQHandler
                0x0000000008000af8                EXTI1_IRQHandler
                0x0000000008000af8                SDMMC2_IRQHandler
                0x0000000008000af8                UART7_IRQHandler
                0x0000000008000af8                USART2_IRQHandler
                0x0000000008000af8                DFSDM1_FLT0_IRQHandler
                0x0000000008000af8                I2C2_ER_IRQHandler
                0x0000000008000af8                DMA2_Stream1_IRQHandler
                0x0000000008000af8                CAN1_SCE_IRQHandler
                0x0000000008000af8                FLASH_IRQHandler
                0x0000000008000af8                DMA2_Stream4_IRQHandler
                0x0000000008000af8                USART1_IRQHandler
                0x0000000008000af8                OTG_FS_IRQHandler
                0x0000000008000af8                SPI3_IRQHandler
                0x0000000008000af8                DMA1_Stream4_IRQHandler
                0x0000000008000af8                I2C1_ER_IRQHandler
                0x0000000008000af8                FMC_IRQHandler
                0x0000000008000af8                LPTIM1_IRQHandler
                0x0000000008000af8                I2C4_ER_IRQHandler
                0x0000000008000af8                DMA2_Stream6_IRQHandler
                0x0000000008000af8                SAI1_IRQHandler
                0x0000000008000af8                DMA1_Stream3_IRQHandler
 .text.HAL_Init
                0x0000000008000afa       0x1a Drivers/STM32F7xx_HAL_Driver/Src/stm32f7xx_hal.o
                0x0000000008000afa                HAL_Init
 .text.HAL_InitTick
                0x0000000008000b14       0x60 Drivers/STM32F7xx_HAL_Driver/Src/stm32f7xx_hal.o
                0x0000000008000b14                HAL_InitTick
 .text.HAL_IncTick
                0x0000000008000b74       0x28 Drivers/STM32F7xx_HAL_Driver/Src/stm32f7xx_hal.o
                0x0000000008000b74                HAL_IncTick
 .text.HAL_GetTick
                0x0000000008000b9c       0x18 Drivers/STM32F7xx_HAL_Driver/Src/stm32f7xx_hal.o
                0x0000000008000b9c                HAL_GetTick
 .text.HAL_Delay
                0x0000000008000bb4       0x44 Drivers/STM32F7xx_HAL_Driver/Src/stm32f7xx_hal.o
                0x0000000008000bb4                HAL_Delay
 .text.__NVIC_SetPriorityGrouping
                0x0000000008000bf8       0x48 Drivers/STM32F7xx_HAL_Driver/Src/stm32f7xx_hal_cortex.o
 .text.__NVIC_GetPriorityGrouping
                0x0000000008000c40       0x1c Drivers/STM32F7xx_HAL_Driver/Src/stm32f7xx_hal_cortex.o
 .text.__NVIC_SetPriority
                0x0000000008000c5c       0x54 Drivers/STM32F7xx_HAL_Driver/Src/stm32f7xx_hal_cortex.o
 .text.NVIC_EncodePriority
                0x0000000008000cb0       0x66 Drivers/STM32F7xx_HAL_Driver/Src/stm32f7xx_hal_cortex.o
 *fill*         0x0000000008000d16        0x2 
 .text.SysTick_Config
                0x0000000008000d18       0x44 Drivers/STM32F7xx_HAL_Driver/Src/stm32f7xx_hal_cortex.o
 .text.HAL_NVIC_SetPriorityGrouping
                0x0000000008000d5c       0x16 Drivers/STM32F7xx_HAL_Driver/Src/stm32f7xx_hal_cortex.o
                0x0000000008000d5c                HAL_NVIC_SetPriorityGrouping
 .text.HAL_NVIC_SetPriority
                0x0000000008000d72       0x38 Drivers/STM32F7xx_HAL_Driver/Src/stm32f7xx_hal_cortex.o
                0x0000000008000d72                HAL_NVIC_SetPriority
 .text.HAL_SYSTICK_Config
                0x0000000008000daa       0x18 Drivers/STM32F7xx_HAL_Driver/Src/stm32f7xx_hal_cortex.o
                0x0000000008000daa                HAL_SYSTICK_Config
 *fill*         0x0000000008000dc2        0x2 
 .text.HAL_GPIO_Init
                0x0000000008000dc4      0x354 Drivers/STM32F7xx_HAL_Driver/Src/stm32f7xx_hal_gpio.o
                0x0000000008000dc4                HAL_GPIO_Init
 .text.HAL_GPIO_ReadPin
                0x0000000008001118       0x30 Drivers/STM32F7xx_HAL_Driver/Src/stm32f7xx_hal_gpio.o
                0x0000000008001118                HAL_GPIO_ReadPin
 .text.HAL_GPIO_WritePin
                0x0000000008001148       0x32 Drivers/STM32F7xx_HAL_Driver/Src/stm32f7xx_hal_gpio.o
                0x0000000008001148                HAL_GPIO_WritePin
 .text.HAL_GPIO_TogglePin
                0x000000000800117a       0x34 Drivers/STM32F7xx_HAL_Driver/Src/stm32f7xx_hal_gpio.o
                0x000000000800117a                HAL_GPIO_TogglePin
 *fill*         0x00000000080011ae        0x2 
 .text.HAL_RCC_OscConfig
                0x00000000080011b0      0x55c Drivers/STM32F7xx_HAL_Driver/Src/stm32f7xx_hal_rcc.o
                0x00000000080011b0                HAL_RCC_OscConfig
 .text.HAL_RCC_ClockConfig
                0x000000000800170c      0x1d8 Drivers/STM32F7xx_HAL_Driver/Src/stm32f7xx_hal_rcc.o
                0x000000000800170c                HAL_RCC_ClockConfig
 .text.HAL_RCC_GetSysClockFreq
                0x00000000080018e4      0x164 Drivers/STM32F7xx_HAL_Driver/Src/stm32f7xx_hal_rcc.o
                0x00000000080018e4                HAL_RCC_GetSysClockFreq
 .text.__libc_init_array
                0x0000000008001a48       0x48 /opt/st/stm32cubeide_1.3.0/plugins/com.st.stm32cube.ide.mcu.externaltools.gnu-tools-for-stm32.7-2018-q2-update.linux64_1.0.0.201904181610/tools/bin/../lib/gcc/arm-none-eabi/7.3.1/../../../../arm-none-eabi/lib/thumb/v7e-m/fpv5/hard/libc_nano.a(lib_a-init.o)
                0x0000000008001a48                __libc_init_array
 .text.memset   0x0000000008001a90       0x10 /opt/st/stm32cubeide_1.3.0/plugins/com.st.stm32cube.ide.mcu.externaltools.gnu-tools-for-stm32.7-2018-q2-update.linux64_1.0.0.201904181610/tools/bin/../lib/gcc/arm-none-eabi/7.3.1/../../../../arm-none-eabi/lib/thumb/v7e-m/fpv5/hard/libc_nano.a(lib_a-memset.o)
                0x0000000008001a90                memset
 *(.glue_7)
 .glue_7        0x0000000008001aa0        0x0 linker stubs
 *(.glue_7t)
 .glue_7t       0x0000000008001aa0        0x0 linker stubs
 *(.eh_frame)
 .eh_frame      0x0000000008001aa0        0x0 /opt/st/stm32cubeide_1.3.0/plugins/com.st.stm32cube.ide.mcu.externaltools.gnu-tools-for-stm32.7-2018-q2-update.linux64_1.0.0.201904181610/tools/bin/../lib/gcc/arm-none-eabi/7.3.1/thumb/v7e-m/fpv5/hard/crtbegin.o
 *(.init)
 .init          0x0000000008001aa0        0x4 /opt/st/stm32cubeide_1.3.0/plugins/com.st.stm32cube.ide.mcu.externaltools.gnu-tools-for-stm32.7-2018-q2-update.linux64_1.0.0.201904181610/tools/bin/../lib/gcc/arm-none-eabi/7.3.1/thumb/v7e-m/fpv5/hard/crti.o
                0x0000000008001aa0                _init
 .init          0x0000000008001aa4        0x8 /opt/st/stm32cubeide_1.3.0/plugins/com.st.stm32cube.ide.mcu.externaltools.gnu-tools-for-stm32.7-2018-q2-update.linux64_1.0.0.201904181610/tools/bin/../lib/gcc/arm-none-eabi/7.3.1/thumb/v7e-m/fpv5/hard/crtn.o
 *(.fini)
 .fini          0x0000000008001aac        0x4 /opt/st/stm32cubeide_1.3.0/plugins/com.st.stm32cube.ide.mcu.externaltools.gnu-tools-for-stm32.7-2018-q2-update.linux64_1.0.0.201904181610/tools/bin/../lib/gcc/arm-none-eabi/7.3.1/thumb/v7e-m/fpv5/hard/crti.o
                0x0000000008001aac                _fini
 .fini          0x0000000008001ab0        0x8 /opt/st/stm32cubeide_1.3.0/plugins/com.st.stm32cube.ide.mcu.externaltools.gnu-tools-for-stm32.7-2018-q2-update.linux64_1.0.0.201904181610/tools/bin/../lib/gcc/arm-none-eabi/7.3.1/thumb/v7e-m/fpv5/hard/crtn.o
                0x0000000008001ab8                . = ALIGN (0x4)
                0x0000000008001ab8                _etext = .

.vfp11_veneer   0x0000000008001ab8        0x0
 .vfp11_veneer  0x0000000008001ab8        0x0 linker stubs

.v4_bx          0x0000000008001ab8        0x0
 .v4_bx         0x0000000008001ab8        0x0 linker stubs

.iplt           0x0000000008001ab8        0x0
 .iplt          0x0000000008001ab8        0x0 /opt/st/stm32cubeide_1.3.0/plugins/com.st.stm32cube.ide.mcu.externaltools.gnu-tools-for-stm32.7-2018-q2-update.linux64_1.0.0.201904181610/tools/bin/../lib/gcc/arm-none-eabi/7.3.1/thumb/v7e-m/fpv5/hard/crtbegin.o

.rodata         0x0000000008001ab8       0x10
                0x0000000008001ab8                . = ALIGN (0x4)
 *(.rodata)
 *(.rodata*)
 .rodata.AHBPrescTable
                0x0000000008001ab8       0x10 Core/Src/system_stm32f7xx.o
                0x0000000008001ab8                AHBPrescTable
                0x0000000008001ac8                . = ALIGN (0x4)

.ARM.extab      0x0000000008001ac8        0x0
                0x0000000008001ac8                . = ALIGN (0x4)
 *(.ARM.extab* .gnu.linkonce.armextab.*)
                0x0000000008001ac8                . = ALIGN (0x4)

.ARM            0x0000000008001ac8        0x8
                0x0000000008001ac8                . = ALIGN (0x4)
                0x0000000008001ac8                __exidx_start = .
 *(.ARM.exidx*)
 .ARM.exidx     0x0000000008001ac8        0x8 /opt/st/stm32cubeide_1.3.0/plugins/com.st.stm32cube.ide.mcu.externaltools.gnu-tools-for-stm32.7-2018-q2-update.linux64_1.0.0.201904181610/tools/bin/../lib/gcc/arm-none-eabi/7.3.1/thumb/v7e-m/fpv5/hard/libgcc.a(_udivmoddi4.o)
                0x0000000008001ad0                __exidx_end = .
                0x0000000008001ad0                . = ALIGN (0x4)

.rel.dyn        0x0000000008001ad0        0x0
 .rel.iplt      0x0000000008001ad0        0x0 /opt/st/stm32cubeide_1.3.0/plugins/com.st.stm32cube.ide.mcu.externaltools.gnu-tools-for-stm32.7-2018-q2-update.linux64_1.0.0.201904181610/tools/bin/../lib/gcc/arm-none-eabi/7.3.1/thumb/v7e-m/fpv5/hard/crtbegin.o

.preinit_array  0x0000000008001ad0        0x0
                0x0000000008001ad0                . = ALIGN (0x4)
                0x0000000008001ad0                PROVIDE (__preinit_array_start = .)
 *(.preinit_array*)
                0x0000000008001ad0                PROVIDE (__preinit_array_end = .)
                0x0000000008001ad0                . = ALIGN (0x4)

.init_array     0x0000000008001ad0        0x4
                0x0000000008001ad0                . = ALIGN (0x4)
                0x0000000008001ad0                PROVIDE (__init_array_start = .)
 *(SORT_BY_NAME(.init_array.*))
 *(.init_array*)
 .init_array    0x0000000008001ad0        0x4 /opt/st/stm32cubeide_1.3.0/plugins/com.st.stm32cube.ide.mcu.externaltools.gnu-tools-for-stm32.7-2018-q2-update.linux64_1.0.0.201904181610/tools/bin/../lib/gcc/arm-none-eabi/7.3.1/thumb/v7e-m/fpv5/hard/crtbegin.o
                0x0000000008001ad4                PROVIDE (__init_array_end = .)
                0x0000000008001ad4                . = ALIGN (0x4)

.fini_array     0x0000000008001ad4        0x4
                0x0000000008001ad4                . = ALIGN (0x4)
                [!provide]                        PROVIDE (__fini_array_start = .)
 *(SORT_BY_NAME(.fini_array.*))
 *(.fini_array*)
 .fini_array    0x0000000008001ad4        0x4 /opt/st/stm32cubeide_1.3.0/plugins/com.st.stm32cube.ide.mcu.externaltools.gnu-tools-for-stm32.7-2018-q2-update.linux64_1.0.0.201904181610/tools/bin/../lib/gcc/arm-none-eabi/7.3.1/thumb/v7e-m/fpv5/hard/crtbegin.o
                [!provide]                        PROVIDE (__fini_array_end = .)
                0x0000000008001ad8                . = ALIGN (0x4)
                0x0000000008001ad8                _sidata = LOADADDR (.data)

.data           0x0000000020000000       0x4c load address 0x0000000008001ad8
                0x0000000020000000                . = ALIGN (0x4)
                0x0000000020000000                _sdata = .
 *(.data)
 *(.data*)
 .data.LED_Port
                0x0000000020000000       0x20 Core/Src/main.o
                0x0000000020000000                LED_Port
 .data.LED_Pin  0x0000000020000020       0x20 Core/Src/main.o
                0x0000000020000020                LED_Pin
 .data.SystemCoreClock
                0x0000000020000040        0x4 Core/Src/system_stm32f7xx.o
                0x0000000020000040                SystemCoreClock
 .data.uwTickPrio
                0x0000000020000044        0x4 Drivers/STM32F7xx_HAL_Driver/Src/stm32f7xx_hal.o
                0x0000000020000044                uwTickPrio
 .data.uwTickFreq
                0x0000000020000048        0x1 Drivers/STM32F7xx_HAL_Driver/Src/stm32f7xx_hal.o
                0x0000000020000048                uwTickFreq
                0x000000002000004c                . = ALIGN (0x4)
 *fill*         0x0000000020000049        0x3 
                0x000000002000004c                _edata = .

.igot.plt       0x000000002000004c        0x0 load address 0x0000000008001b24
 .igot.plt      0x000000002000004c        0x0 /opt/st/stm32cubeide_1.3.0/plugins/com.st.stm32cube.ide.mcu.externaltools.gnu-tools-for-stm32.7-2018-q2-update.linux64_1.0.0.201904181610/tools/bin/../lib/gcc/arm-none-eabi/7.3.1/thumb/v7e-m/fpv5/hard/crtbegin.o
                0x000000002000004c                . = ALIGN (0x4)

.bss            0x000000002000004c       0x24 load address 0x0000000008001b24
                0x000000002000004c                _sbss = .
                0x000000002000004c                __bss_start__ = _sbss
 *(.bss)
 .bss           0x000000002000004c       0x1c /opt/st/stm32cubeide_1.3.0/plugins/com.st.stm32cube.ide.mcu.externaltools.gnu-tools-for-stm32.7-2018-q2-update.linux64_1.0.0.201904181610/tools/bin/../lib/gcc/arm-none-eabi/7.3.1/thumb/v7e-m/fpv5/hard/crtbegin.o
 *(.bss*)
 .bss.led_array_state
                0x0000000020000068        0x1 Core/Src/main.o
                0x0000000020000068                led_array_state
 *(COMMON)
 *fill*         0x0000000020000069        0x3 
 COMMON         0x000000002000006c        0x4 Drivers/STM32F7xx_HAL_Driver/Src/stm32f7xx_hal.o
                0x000000002000006c                uwTick
                0x0000000020000070                . = ALIGN (0x4)
                0x0000000020000070                _ebss = .
                0x0000000020000070                __bss_end__ = _ebss

._user_heap_stack
                0x0000000020000070      0x600 load address 0x0000000008001b24
                0x0000000020000070                . = ALIGN (0x8)
                0x0000000020000070                PROVIDE (end = .)
                [!provide]                        PROVIDE (_end = .)
                0x0000000020000270                . = (. + _Min_Heap_Size)
 *fill*         0x0000000020000070      0x200 
                0x0000000020000670                . = (. + _Min_Stack_Size)
 *fill*         0x0000000020000270      0x400 
                0x0000000020000670                . = ALIGN (0x8)

/DISCARD/
 libc.a(*)
 libm.a(*)
 libgcc.a(*)

.ARM.attributes
                0x0000000000000000       0x2e
 *(.ARM.attributes)
 .ARM.attributes
                0x0000000000000000       0x20 /opt/st/stm32cubeide_1.3.0/plugins/com.st.stm32cube.ide.mcu.externaltools.gnu-tools-for-stm32.7-2018-q2-update.linux64_1.0.0.201904181610/tools/bin/../lib/gcc/arm-none-eabi/7.3.1/thumb/v7e-m/fpv5/hard/crti.o
 .ARM.attributes
                0x0000000000000020       0x32 /opt/st/stm32cubeide_1.3.0/plugins/com.st.stm32cube.ide.mcu.externaltools.gnu-tools-for-stm32.7-2018-q2-update.linux64_1.0.0.201904181610/tools/bin/../lib/gcc/arm-none-eabi/7.3.1/thumb/v7e-m/fpv5/hard/crtbegin.o
 .ARM.attributes
                0x0000000000000052       0x37 Core/Src/main.o
 .ARM.attributes
                0x0000000000000089       0x37 Core/Src/stm32f7xx_hal_msp.o
 .ARM.attributes
                0x00000000000000c0       0x37 Core/Src/stm32f7xx_it.o
 .ARM.attributes
                0x00000000000000f7       0x37 Core/Src/system_stm32f7xx.o
 .ARM.attributes
                0x000000000000012e       0x21 Core/Startup/startup_stm32f767zitx.o
 .ARM.attributes
                0x000000000000014f       0x37 Drivers/STM32F7xx_HAL_Driver/Src/stm32f7xx_hal.o
 .ARM.attributes
                0x0000000000000186       0x37 Drivers/STM32F7xx_HAL_Driver/Src/stm32f7xx_hal_cortex.o
 .ARM.attributes
                0x00000000000001bd       0x37 Drivers/STM32F7xx_HAL_Driver/Src/stm32f7xx_hal_gpio.o
 .ARM.attributes
                0x00000000000001f4       0x37 Drivers/STM32F7xx_HAL_Driver/Src/stm32f7xx_hal_rcc.o
 .ARM.attributes
                0x000000000000022b       0x32 /opt/st/stm32cubeide_1.3.0/plugins/com.st.stm32cube.ide.mcu.externaltools.gnu-tools-for-stm32.7-2018-q2-update.linux64_1.0.0.201904181610/tools/bin/../lib/gcc/arm-none-eabi/7.3.1/../../../../arm-none-eabi/lib/thumb/v7e-m/fpv5/hard/libc_nano.a(lib_a-init.o)
 .ARM.attributes
                0x000000000000025d       0x32 /opt/st/stm32cubeide_1.3.0/plugins/com.st.stm32cube.ide.mcu.externaltools.gnu-tools-for-stm32.7-2018-q2-update.linux64_1.0.0.201904181610/tools/bin/../lib/gcc/arm-none-eabi/7.3.1/../../../../arm-none-eabi/lib/thumb/v7e-m/fpv5/hard/libc_nano.a(lib_a-memset.o)
 .ARM.attributes
                0x000000000000028f       0x20 /opt/st/stm32cubeide_1.3.0/plugins/com.st.stm32cube.ide.mcu.externaltools.gnu-tools-for-stm32.7-2018-q2-update.linux64_1.0.0.201904181610/tools/bin/../lib/gcc/arm-none-eabi/7.3.1/thumb/v7e-m/fpv5/hard/libgcc.a(_aeabi_uldivmod.o)
 .ARM.attributes
                0x00000000000002af       0x32 /opt/st/stm32cubeide_1.3.0/plugins/com.st.stm32cube.ide.mcu.externaltools.gnu-tools-for-stm32.7-2018-q2-update.linux64_1.0.0.201904181610/tools/bin/../lib/gcc/arm-none-eabi/7.3.1/thumb/v7e-m/fpv5/hard/libgcc.a(_udivmoddi4.o)
 .ARM.attributes
                0x00000000000002e1       0x20 /opt/st/stm32cubeide_1.3.0/plugins/com.st.stm32cube.ide.mcu.externaltools.gnu-tools-for-stm32.7-2018-q2-update.linux64_1.0.0.201904181610/tools/bin/../lib/gcc/arm-none-eabi/7.3.1/thumb/v7e-m/fpv5/hard/libgcc.a(_dvmd_tls.o)
 .ARM.attributes
                0x0000000000000301       0x20 /opt/st/stm32cubeide_1.3.0/plugins/com.st.stm32cube.ide.mcu.externaltools.gnu-tools-for-stm32.7-2018-q2-update.linux64_1.0.0.201904181610/tools/bin/../lib/gcc/arm-none-eabi/7.3.1/thumb/v7e-m/fpv5/hard/crtn.o
OUTPUT(lab_2.elf elf32-littlearm)

.debug_info     0x0000000000000000     0x4235
 .debug_info    0x0000000000000000      0x8f2 Core/Src/main.o
 .debug_info    0x00000000000008f2      0x389 Core/Src/stm32f7xx_hal_msp.o
 .debug_info    0x0000000000000c7b      0x20a Core/Src/stm32f7xx_it.o
 .debug_info    0x0000000000000e85      0x73d Core/Src/system_stm32f7xx.o
 .debug_info    0x00000000000015c2       0x22 Core/Startup/startup_stm32f767zitx.o
 .debug_info    0x00000000000015e4      0xa46 Drivers/STM32F7xx_HAL_Driver/Src/stm32f7xx_hal.o
 .debug_info    0x000000000000202a     0x108c Drivers/STM32F7xx_HAL_Driver/Src/stm32f7xx_hal_cortex.o
 .debug_info    0x00000000000030b6      0x7e9 Drivers/STM32F7xx_HAL_Driver/Src/stm32f7xx_hal_gpio.o
 .debug_info    0x000000000000389f      0x996 Drivers/STM32F7xx_HAL_Driver/Src/stm32f7xx_hal_rcc.o

.debug_abbrev   0x0000000000000000      0xe3e
 .debug_abbrev  0x0000000000000000      0x224 Core/Src/main.o
 .debug_abbrev  0x0000000000000224      0x109 Core/Src/stm32f7xx_hal_msp.o
 .debug_abbrev  0x000000000000032d       0xc6 Core/Src/stm32f7xx_it.o
 .debug_abbrev  0x00000000000003f3      0x147 Core/Src/system_stm32f7xx.o
 .debug_abbrev  0x000000000000053a       0x12 Core/Startup/startup_stm32f767zitx.o
 .debug_abbrev  0x000000000000054c      0x1c7 Drivers/STM32F7xx_HAL_Driver/Src/stm32f7xx_hal.o
 .debug_abbrev  0x0000000000000713      0x2fa Drivers/STM32F7xx_HAL_Driver/Src/stm32f7xx_hal_cortex.o
 .debug_abbrev  0x0000000000000a0d      0x1c9 Drivers/STM32F7xx_HAL_Driver/Src/stm32f7xx_hal_gpio.o
 .debug_abbrev  0x0000000000000bd6      0x268 Drivers/STM32F7xx_HAL_Driver/Src/stm32f7xx_hal_rcc.o

.debug_aranges  0x0000000000000000      0x450
 .debug_aranges
                0x0000000000000000       0x78 Core/Src/main.o
 .debug_aranges
                0x0000000000000078       0x20 Core/Src/stm32f7xx_hal_msp.o
 .debug_aranges
                0x0000000000000098       0x60 Core/Src/stm32f7xx_it.o
 .debug_aranges
                0x00000000000000f8       0x28 Core/Src/system_stm32f7xx.o
 .debug_aranges
                0x0000000000000120       0x28 Core/Startup/startup_stm32f767zitx.o
 .debug_aranges
                0x0000000000000148      0x110 Drivers/STM32F7xx_HAL_Driver/Src/stm32f7xx_hal.o
 .debug_aranges
                0x0000000000000258      0x118 Drivers/STM32F7xx_HAL_Driver/Src/stm32f7xx_hal_cortex.o
 .debug_aranges
                0x0000000000000370       0x58 Drivers/STM32F7xx_HAL_Driver/Src/stm32f7xx_hal_gpio.o
 .debug_aranges
                0x00000000000003c8       0x88 Drivers/STM32F7xx_HAL_Driver/Src/stm32f7xx_hal_rcc.o

.debug_ranges   0x0000000000000000      0x3c8
 .debug_ranges  0x0000000000000000       0x68 Core/Src/main.o
 .debug_ranges  0x0000000000000068       0x10 Core/Src/stm32f7xx_hal_msp.o
 .debug_ranges  0x0000000000000078       0x50 Core/Src/stm32f7xx_it.o
 .debug_ranges  0x00000000000000c8       0x18 Core/Src/system_stm32f7xx.o
 .debug_ranges  0x00000000000000e0       0x20 Core/Startup/startup_stm32f767zitx.o
 .debug_ranges  0x0000000000000100      0x100 Drivers/STM32F7xx_HAL_Driver/Src/stm32f7xx_hal.o
 .debug_ranges  0x0000000000000200      0x108 Drivers/STM32F7xx_HAL_Driver/Src/stm32f7xx_hal_cortex.o
 .debug_ranges  0x0000000000000308       0x48 Drivers/STM32F7xx_HAL_Driver/Src/stm32f7xx_hal_gpio.o
 .debug_ranges  0x0000000000000350       0x78 Drivers/STM32F7xx_HAL_Driver/Src/stm32f7xx_hal_rcc.o

.debug_macro    0x0000000000000000    0x24f88
 .debug_macro   0x0000000000000000      0x1ca Core/Src/main.o
 .debug_macro   0x00000000000001ca      0xa66 Core/Src/main.o
 .debug_macro   0x0000000000000c30      0x17d Core/Src/main.o
 .debug_macro   0x0000000000000dad       0x2e Core/Src/main.o
 .debug_macro   0x0000000000000ddb       0x3b Core/Src/main.o
 .debug_macro   0x0000000000000e16       0x22 Core/Src/main.o
 .debug_macro   0x0000000000000e38       0x8e Core/Src/main.o
 .debug_macro   0x0000000000000ec6       0x51 Core/Src/main.o
 .debug_macro   0x0000000000000f17       0xef Core/Src/main.o
 .debug_macro   0x0000000000001006       0x6a Core/Src/main.o
 .debug_macro   0x0000000000001070      0x1df Core/Src/main.o
 .debug_macro   0x000000000000124f       0x1c Core/Src/main.o
 .debug_macro   0x000000000000126b       0x22 Core/Src/main.o
 .debug_macro   0x000000000000128d       0xdf Core/Src/main.o
 .debug_macro   0x000000000000136c     0x12cd Core/Src/main.o
 .debug_macro   0x0000000000002639      0x11f Core/Src/main.o
 .debug_macro   0x0000000000002758       0x19 Core/Src/main.o
 .debug_macro   0x0000000000002771    0x1a9b4 Core/Src/main.o
 .debug_macro   0x000000000001d125       0x43 Core/Src/main.o
 .debug_macro   0x000000000001d168     0x36b4 Core/Src/main.o
 .debug_macro   0x000000000002081c      0x174 Core/Src/main.o
 .debug_macro   0x0000000000020990       0x61 Core/Src/main.o
 .debug_macro   0x00000000000209f1     0x1add Core/Src/main.o
 .debug_macro   0x00000000000224ce      0x6c4 Core/Src/main.o
 .debug_macro   0x0000000000022b92      0x18b Core/Src/main.o
 .debug_macro   0x0000000000022d1d      0x117 Core/Src/main.o
 .debug_macro   0x0000000000022e34      0x26f Core/Src/main.o
 .debug_macro   0x00000000000230a3       0x27 Core/Src/main.o
 .debug_macro   0x00000000000230ca      0x24f Core/Src/main.o
 .debug_macro   0x0000000000023319       0x71 Core/Src/main.o
 .debug_macro   0x000000000002338a       0x58 Core/Src/main.o
 .debug_macro   0x00000000000233e2      0x236 Core/Src/main.o
 .debug_macro   0x0000000000023618      0x14f Core/Src/main.o
 .debug_macro   0x0000000000023767      0x3dc Core/Src/main.o
 .debug_macro   0x0000000000023b43       0x12 Core/Src/main.o
 .debug_macro   0x0000000000023b55      0x22c Core/Src/main.o
 .debug_macro   0x0000000000023d81       0x61 Core/Src/main.o
 .debug_macro   0x0000000000023de2       0xa5 Core/Src/main.o
 .debug_macro   0x0000000000023e87      0x12f Core/Src/main.o
 .debug_macro   0x0000000000023fb6      0x108 Core/Src/main.o
 .debug_macro   0x00000000000240be       0x35 Core/Src/main.o
 .debug_macro   0x00000000000240f3      0x15c Core/Src/main.o
 .debug_macro   0x000000000002424f       0x70 Core/Src/main.o
 .debug_macro   0x00000000000242bf      0x1ca Core/Src/stm32f7xx_hal_msp.o
 .debug_macro   0x0000000000024489      0x1d4 Core/Src/stm32f7xx_it.o
 .debug_macro   0x000000000002465d      0x1c1 Core/Src/system_stm32f7xx.o
 .debug_macro   0x000000000002481e      0x1df Drivers/STM32F7xx_HAL_Driver/Src/stm32f7xx_hal.o
 .debug_macro   0x00000000000249fd      0x1bb Drivers/STM32F7xx_HAL_Driver/Src/stm32f7xx_hal_cortex.o
 .debug_macro   0x0000000000024bb8      0x1f1 Drivers/STM32F7xx_HAL_Driver/Src/stm32f7xx_hal_gpio.o
 .debug_macro   0x0000000000024da9      0x1df Drivers/STM32F7xx_HAL_Driver/Src/stm32f7xx_hal_rcc.o

.debug_line     0x0000000000000000     0x3fec
 .debug_line    0x0000000000000000      0x7ba Core/Src/main.o
 .debug_line    0x00000000000007ba      0x664 Core/Src/stm32f7xx_hal_msp.o
 .debug_line    0x0000000000000e1e      0x708 Core/Src/stm32f7xx_it.o
 .debug_line    0x0000000000001526      0x67d Core/Src/system_stm32f7xx.o
 .debug_line    0x0000000000001ba3       0x85 Core/Startup/startup_stm32f767zitx.o
 .debug_line    0x0000000000001c28      0x8b0 Drivers/STM32F7xx_HAL_Driver/Src/stm32f7xx_hal.o
 .debug_line    0x00000000000024d8      0x98d Drivers/STM32F7xx_HAL_Driver/Src/stm32f7xx_hal_cortex.o
 .debug_line    0x0000000000002e65      0x871 Drivers/STM32F7xx_HAL_Driver/Src/stm32f7xx_hal_gpio.o
 .debug_line    0x00000000000036d6      0x916 Drivers/STM32F7xx_HAL_Driver/Src/stm32f7xx_hal_rcc.o

.debug_str      0x0000000000000000    0xe665f
 .debug_str     0x0000000000000000    0xe5153 Core/Src/main.o
                                      0xe5832 (size before relaxing)
 .debug_str     0x00000000000e5153       0x2c Core/Src/stm32f7xx_hal_msp.o
                                      0xe5544 (size before relaxing)
 .debug_str     0x00000000000e517f       0xbd Core/Src/stm32f7xx_it.o
                                      0xe54b5 (size before relaxing)
 .debug_str     0x00000000000e523c      0x18d Core/Src/system_stm32f7xx.o
                                      0xe552f (size before relaxing)
 .debug_str     0x00000000000e53c9       0x36 Core/Startup/startup_stm32f767zitx.o
                                         0x84 (size before relaxing)
 .debug_str     0x00000000000e53ff      0x9f1 Drivers/STM32F7xx_HAL_Driver/Src/stm32f7xx_hal.o
                                      0xe5eb8 (size before relaxing)
 .debug_str     0x00000000000e5df0      0x3a0 Drivers/STM32F7xx_HAL_Driver/Src/stm32f7xx_hal_cortex.o
                                      0xe5f24 (size before relaxing)
 .debug_str     0x00000000000e6190      0x249 Drivers/STM32F7xx_HAL_Driver/Src/stm32f7xx_hal_gpio.o
                                      0xe5705 (size before relaxing)
 .debug_str     0x00000000000e63d9      0x286 Drivers/STM32F7xx_HAL_Driver/Src/stm32f7xx_hal_rcc.o
                                      0xe5863 (size before relaxing)

.comment        0x0000000000000000       0x7b
 .comment       0x0000000000000000       0x7b Core/Src/main.o
                                         0x7c (size before relaxing)
 .comment       0x000000000000007b       0x7c Core/Src/stm32f7xx_hal_msp.o
 .comment       0x000000000000007b       0x7c Core/Src/stm32f7xx_it.o
 .comment       0x000000000000007b       0x7c Core/Src/system_stm32f7xx.o
 .comment       0x000000000000007b       0x7c Drivers/STM32F7xx_HAL_Driver/Src/stm32f7xx_hal.o
 .comment       0x000000000000007b       0x7c Drivers/STM32F7xx_HAL_Driver/Src/stm32f7xx_hal_cortex.o
 .comment       0x000000000000007b       0x7c Drivers/STM32F7xx_HAL_Driver/Src/stm32f7xx_hal_gpio.o
 .comment       0x000000000000007b       0x7c Drivers/STM32F7xx_HAL_Driver/Src/stm32f7xx_hal_rcc.o

.debug_frame    0x0000000000000000      0xfb0
 .debug_frame   0x0000000000000000      0x19c Core/Src/main.o
 .debug_frame   0x000000000000019c       0x38 Core/Src/stm32f7xx_hal_msp.o
 .debug_frame   0x00000000000001d4      0x10c Core/Src/stm32f7xx_it.o
 .debug_frame   0x00000000000002e0       0x58 Core/Src/system_stm32f7xx.o
 .debug_frame   0x0000000000000338      0x3f4 Drivers/STM32F7xx_HAL_Driver/Src/stm32f7xx_hal.o
 .debug_frame   0x000000000000072c      0x498 Drivers/STM32F7xx_HAL_Driver/Src/stm32f7xx_hal_cortex.o
 .debug_frame   0x0000000000000bc4      0x14c Drivers/STM32F7xx_HAL_Driver/Src/stm32f7xx_hal_gpio.o
 .debug_frame   0x0000000000000d10      0x1f4 Drivers/STM32F7xx_HAL_Driver/Src/stm32f7xx_hal_rcc.o
 .debug_frame   0x0000000000000f04       0x2c /opt/st/stm32cubeide_1.3.0/plugins/com.st.stm32cube.ide.mcu.externaltools.gnu-tools-for-stm32.7-2018-q2-update.linux64_1.0.0.201904181610/tools/bin/../lib/gcc/arm-none-eabi/7.3.1/../../../../arm-none-eabi/lib/thumb/v7e-m/fpv5/hard/libc_nano.a(lib_a-init.o)
 .debug_frame   0x0000000000000f30       0x20 /opt/st/stm32cubeide_1.3.0/plugins/com.st.stm32cube.ide.mcu.externaltools.gnu-tools-for-stm32.7-2018-q2-update.linux64_1.0.0.201904181610/tools/bin/../lib/gcc/arm-none-eabi/7.3.1/../../../../arm-none-eabi/lib/thumb/v7e-m/fpv5/hard/libc_nano.a(lib_a-memset.o)
 .debug_frame   0x0000000000000f50       0x2c /opt/st/stm32cubeide_1.3.0/plugins/com.st.stm32cube.ide.mcu.externaltools.gnu-tools-for-stm32.7-2018-q2-update.linux64_1.0.0.201904181610/tools/bin/../lib/gcc/arm-none-eabi/7.3.1/thumb/v7e-m/fpv5/hard/libgcc.a(_aeabi_uldivmod.o)
 .debug_frame   0x0000000000000f7c       0x34 /opt/st/stm32cubeide_1.3.0/plugins/com.st.stm32cube.ide.mcu.externaltools.gnu-tools-for-stm32.7-2018-q2-update.linux64_1.0.0.201904181610/tools/bin/../lib/gcc/arm-none-eabi/7.3.1/thumb/v7e-m/fpv5/hard/libgcc.a(_udivmoddi4.o)
