gui.c:3:6:GUI_init	8	static
gui.c:27:6:main_system	8	static
gui.c:38:6:first_page	8	static
gui.c:54:6:draw_color_buttons	8	static
gui.c:62:6:draw_change_page_button	8	static
gui.c:69:6:draw_progress_bars	16	static
gui.c:87:6:draw_sensor_value	32	static
gui.c:101:6:draw_color_percent	32	static
gui.c:116:6:second_page	8	static
gui.c:124:6:update_page	8	static
gui.c:149:6:update_progress_bars	8	static
gui.c:192:6:update_brightness	16	static
gui.c:201:10:remix_color	16	static
gui.c:208:6:get_sensor_value	32	static
gui.c:234:6:get_potentiometer_value	8	static
